../src/bsp/drivers/Gtm_TS_TTA8M1I1P0/src/Gtm_Hw_Tom.c:181:Gtm_Hw_Tom_Configure	48	static
../src/bsp/drivers/Gtm_TS_TTA8M1I1P0/src/Gtm_Hw_Tom.c:312:Gtm_Hw_Tom_DeInit	0	static
../src/bsp/drivers/Gtm_TS_TTA8M1I1P0/src/Gtm_Hw_Tom.c:356:Gtm_Hw_Tom_ChanelEnable	20	static
../src/bsp/drivers/Gtm_TS_TTA8M1I1P0/src/Gtm_Hw_Tom.c:437:Gtm_Hw_Tom_ChanelDisable	20	static
../src/bsp/drivers/Gtm_TS_TTA8M1I1P0/src/Gtm_Hw_Tom.c:518:Gtm_Hw_Tom_SetHostTrigger	0	static
../src/bsp/drivers/Gtm_TS_TTA8M1I1P0/src/Gtm_Hw_Tom.c:558:Gtm_Hw_Tom_SetUpdateCtrl	8	static
../src/bsp/drivers/Gtm_TS_TTA8M1I1P0/src/Gtm_Hw_Tom.c:623:Gtm_Hw_Tom_SetCounterCn0	0	static
../src/bsp/drivers/Gtm_TS_TTA8M1I1P0/src/Gtm_Hw_Tom.c:667:Gtm_Hw_Tom_GetCounterCn0	0	static
../src/bsp/drivers/Gtm_TS_TTA8M1I1P0/src/Gtm_Hw_Tom.c:711:Gtm_Hw_Tom_SetCounterCm0	0	static
../src/bsp/drivers/Gtm_TS_TTA8M1I1P0/src/Gtm_Hw_Tom.c:766:Gtm_Hw_Tom_GetCounterCm0	0	static
../src/bsp/drivers/Gtm_TS_TTA8M1I1P0/src/Gtm_Hw_Tom.c:809:Gtm_Hw_Tom_SetCounterCm1	0	static
../src/bsp/drivers/Gtm_TS_TTA8M1I1P0/src/Gtm_Hw_Tom.c:864:Gtm_Hw_Tom_GetCounterCm1	0	static
../src/bsp/drivers/Gtm_TS_TTA8M1I1P0/src/Gtm_Hw_Tom.c:908:Gtm_Hw_Tom_SetCounterSr0	0	static
../src/bsp/drivers/Gtm_TS_TTA8M1I1P0/src/Gtm_Hw_Tom.c:963:Gtm_Hw_Tom_GetCounterSr0	0	static
../src/bsp/drivers/Gtm_TS_TTA8M1I1P0/src/Gtm_Hw_Tom.c:1007:Gtm_Hw_Tom_SetCounterSr1	0	static
../src/bsp/drivers/Gtm_TS_TTA8M1I1P0/src/Gtm_Hw_Tom.c:1062:Gtm_Hw_Tom_GetCounterSr1	0	static
../src/bsp/drivers/Gtm_TS_TTA8M1I1P0/src/Gtm_Hw_Tom.c:1104:Gtm_Hw_Tom_SetAllTrigerIn	0	static
../src/bsp/drivers/Gtm_TS_TTA8M1I1P0/src/Gtm_Hw_Tom.c:1266:Gtm_Hw_Tom_SetTomInt	0	static
