../src/bsp/drivers/Gtm_TS_TTA8M1I1P0/src/Gtm_Drv.c:377:Gtm_Drv_Init	56	static
../src/bsp/drivers/Gtm_TS_TTA8M1I1P0/src/Gtm_Drv.c:476:Gtm_Drv_DeInit	40	static
../src/bsp/drivers/Gtm_TS_TTA8M1I1P0/src/Gtm_Drv.c:556:Gtm_Drv_CmuStart	16	static
../src/bsp/drivers/Gtm_TS_TTA8M1I1P0/src/Gtm_Drv.c:599:Gtm_Drv_CmuStop	16	static
../src/bsp/drivers/Gtm_TS_TTA8M1I1P0/src/Gtm_Drv.c:641:Gtm_Drv_CmuGetClock	8	static
../src/bsp/drivers/Gtm_TS_TTA8M1I1P0/src/Gtm_Drv.c:677:Gtm_Drv_CmuSetClock	8	static
../src/bsp/drivers/Gtm_TS_TTA8M1I1P0/src/Gtm_Drv.c:714:Gtm_Drv_TbuStart	0	static
../src/bsp/drivers/Gtm_TS_TTA8M1I1P0/src/Gtm_Drv.c:778:Gtm_Drv_TbuStop	0	static
../src/bsp/drivers/Gtm_TS_TTA8M1I1P0/src/Gtm_Drv.c:841:Gtm_Drv_TbuStartChannel	0	static
../src/bsp/drivers/Gtm_TS_TTA8M1I1P0/src/Gtm_Drv.c:887:Gtm_Drv_TbuStopChannel	0	static
../src/bsp/drivers/Gtm_TS_TTA8M1I1P0/src/Gtm_Drv.c:934:Gtm_Drv_TbuSetClockChannel	0	static
../src/bsp/drivers/Gtm_TS_TTA8M1I1P0/src/Gtm_Drv.c:974:Gtm_Drv_TbuGetClockChannel	0	static
../src/bsp/drivers/Gtm_TS_TTA8M1I1P0/src/Gtm_Drv.c:1012:Gtm_Drv_TbuSetTimeBaseChannel	0	static
../src/bsp/drivers/Gtm_TS_TTA8M1I1P0/src/Gtm_Drv.c:1052:Gtm_Drv_TbuGetTimeBaseChannel	0	static
../src/bsp/drivers/Gtm_TS_TTA8M1I1P0/src/Gtm_Drv.c:1088:Gtm_Drv_TbuSetLowResChannel_0	0	static
../src/bsp/drivers/Gtm_TS_TTA8M1I1P0/src/Gtm_Drv.c:1125:Gtm_Drv_TbuGetLowResChannel_0	0	static
../src/bsp/drivers/Gtm_TS_TTA8M1I1P0/src/Gtm_Drv.c:1161:Gtm_Drv_TbuSetRunningModeChannel_12	0	static
../src/bsp/drivers/Gtm_TS_TTA8M1I1P0/src/Gtm_Drv.c:1202:Gtm_Drv_TbuGetRunningModeChannel_12	0	static
../src/bsp/drivers/Gtm_TS_TTA8M1I1P0/src/Gtm_Drv.c:1243:Gtm_Drv_TomChanelEnable	16	static
../src/bsp/drivers/Gtm_TS_TTA8M1I1P0/src/Gtm_Drv.c:1297:Gtm_Drv_TomChanelDisable	16	static
../src/bsp/drivers/Gtm_TS_TTA8M1I1P0/src/Gtm_Drv.c:1350:Gtm_Drv_TomSetHostTrigger	8	static
../src/bsp/drivers/Gtm_TS_TTA8M1I1P0/src/Gtm_Drv.c:1388:Gtm_Drv_TomSetUpdateCtrl	8	static
../src/bsp/drivers/Gtm_TS_TTA8M1I1P0/src/Gtm_Drv.c:1426:Gtm_Drv_TomSetCounterCn0	8	static
../src/bsp/drivers/Gtm_TS_TTA8M1I1P0/src/Gtm_Drv.c:1462:Gtm_Drv_TomGetCounterCn0	8	static
../src/bsp/drivers/Gtm_TS_TTA8M1I1P0/src/Gtm_Drv.c:1499:Gtm_Drv_TomSetCounterCm0	8	static
../src/bsp/drivers/Gtm_TS_TTA8M1I1P0/src/Gtm_Drv.c:1535:Gtm_Drv_TomGetCounterCm0	8	static
../src/bsp/drivers/Gtm_TS_TTA8M1I1P0/src/Gtm_Drv.c:1573:Gtm_Drv_TomSetCounterCm1	8	static
../src/bsp/drivers/Gtm_TS_TTA8M1I1P0/src/Gtm_Drv.c:1609:Gtm_Drv_TomGetCounterCm1	8	static
../src/bsp/drivers/Gtm_TS_TTA8M1I1P0/src/Gtm_Drv.c:1646:Gtm_Drv_TomSetCounterSr0	8	static
../src/bsp/drivers/Gtm_TS_TTA8M1I1P0/src/Gtm_Drv.c:1682:Gtm_Drv_TomGetCounterSr0	8	static
../src/bsp/drivers/Gtm_TS_TTA8M1I1P0/src/Gtm_Drv.c:1719:Gtm_Drv_TomSetCounterSr1	8	static
../src/bsp/drivers/Gtm_TS_TTA8M1I1P0/src/Gtm_Drv.c:1755:Gtm_Drv_TomGetCounterSr1	8	static
../src/bsp/drivers/Gtm_TS_TTA8M1I1P0/src/Gtm_Drv.c:1792:Gtm_Drv_TomSetInt	8	static
../src/bsp/drivers/Gtm_TS_TTA8M1I1P0/src/Gtm_Drv.c:1835:Gtm_Drv_TimStartMeasure	0	static
../src/bsp/drivers/Gtm_TS_TTA8M1I1P0/src/Gtm_Drv.c:1882:Gtm_Drv_TimStopMeasure	0	static
../src/bsp/drivers/Gtm_TS_TTA8M1I1P0/src/Gtm_Drv.c:1935:Gtm_Drv_TimGetPwmInformation	0	static
../src/bsp/drivers/Gtm_TS_TTA8M1I1P0/src/Gtm_Drv.c:1979:Gtm_Drv_TimGetMeasureInformation	0	static
../src/bsp/drivers/Gtm_TS_TTA8M1I1P0/src/Gtm_Drv.c:2020:Gtm_Drv_TimGetPulseTime	0	static
../src/bsp/drivers/Gtm_TS_TTA8M1I1P0/src/Gtm_Drv.c:2069:Gtm_Drv_TimGetStatusFlags	0	static
../src/bsp/drivers/Gtm_TS_TTA8M1I1P0/src/Gtm_Drv.c:2111:Gtm_Drv_TimClearStatusFlag	0	static
../src/bsp/drivers/Gtm_TS_TTA8M1I1P0/src/Gtm_Drv.c:2149:Gtm_Drv_TimSetValue	0	static
../src/bsp/drivers/Gtm_TS_TTA8M1I1P0/src/Gtm_Drv.c:2190:Gtm_Drv_TimSetInt	0	static
../src/bsp/drivers/Gtm_TS_TTA8M1I1P0/src/Gtm_Drv.c:2231:Gtm_Drv_DtmStart	0	static
../src/bsp/drivers/Gtm_TS_TTA8M1I1P0/src/Gtm_Drv.c:2297:Gtm_Drv_DtmStop	0	static
../src/bsp/drivers/Gtm_TS_TTA8M1I1P0/src/Gtm_Drv.c:2366:Gtm_Drv_DtmSetDeadTime	0	static
../src/bsp/drivers/Gtm_TS_TTA8M1I1P0/src/Gtm_Drv.c:2426:Gtm_Drv_SetMonitorClsClock	8	static
../src/bsp/drivers/Gtm_TS_TTA8M1I1P0/src/Gtm_Drv.c:2459:Gtm_Drv_SetMonitorTimInput	8	static
../src/bsp/drivers/Gtm_TS_TTA8M1I1P0/src/Gtm_Drv.c:2493:Gtm_Drv_GetVersionInfo	0	static
