     VMA      LMA     Size Align Out     In      Symbol
       0        0        0     1 HEAP_SIZE = DEFINED ( __heap_size__ ) ? __heap_size__ : 0x00004000
       0        0        0     1 STACK_SIZE = DEFINED ( __stack_size__ ) ? __stack_size__ : 0x00004000
 1000000  1000000     ee24    16 .text
 1000000  1000000        0     1         __text_start = .
 1000000  1000000        0     1         __interrupts_rom_start = .
 1000000  1000000      518     4         ./src/bsp/env/vector_table_m7.o:(.isr_vector)
 1000000  1000000        0     1                 $d.1
 1000000  1000000        0     1                 g_pfnVectors
 1000500  1000500        0     1                 $t.2
 1000501  1000501        0     1                 HardFault_IRQHandler
 1000514  1000514        0     1                 $d.3
 1000518  1000518        0     1         . = ALIGN ( 4 )
 1000518  1000518        0     1         __interrupts_rom_end = .
 1000518  1000518        0     1         . = ALIGN ( 4 )
 1000520  1000520       74    16         ./src/bsp/env/startup_m7.o:(.startup)
 1000520  1000520        0     1                 $t.0
 1000521  1000521        0     1                 Reset_IRQHandler
 1000542  1000542        0     1                 SetVTOR
 1000548  1000548        0     1                 SetCoreStack
 100054e  100054e        0     1                 _DATA_INIT
 1000558  1000558        0     1                 Fill
 100055c  100055c        0     1                 LoopFill
 1000564  1000564        0     1                 __INIT_DATA_BSS
 1000568  1000568        0     1                 __SYSTEM_INIT
 100056c  100056c        0     1                 __MAIN
 1000580  1000580        0     1                 $d.1
 1000594  1000594        0     1         . = ALIGN ( 4 )
 1000594  1000594        4     4         ./src/bsp/env/vector_table_m7.o:(.text)
 1000594  1000594        0     1                 $t.0
 1000594  1000594        0     1                 Default_IRQHandler
 1000595  1000595        0     1                 CTI0_IRQHandler
 1000595  1000595        0     1                 CTI1_IRQHandler
 1000595  1000595        0     1                 SMU0_IRQHandler
 1000595  1000595        0     1                 ENDINIT_IRQHandler
 1000595  1000595        0     1                 DFCU_IRQHandler
 1000595  1000595        0     1                 PFCU_IRQHandler
 1000595  1000595        0     1                 DEBUG_WAKEUP_IRQHandler
 1000595  1000595        0     1                 CRC_IRQHandler
 1000595  1000595        0     1                 WWDT_IRQHandler
 1000595  1000595        0     1                 ADCSENSOR_IRQHandler
 1000595  1000595        0     1                 MAILBOX_IRQHandler
 1000595  1000595        0     1                 PKI_IRQHandler
 1000595  1000595        0     1                 SM4_IRQHandler
 1000595  1000595        0     1                 HASH_IRQHandler
 1000595  1000595        0     1                 SKA_IRQHandler
 1000595  1000595        0     1                 TRNG_IRQHandler
 1000595  1000595        0     1                 PDB0_IRQHandler
 1000595  1000595        0     1                 PDB0_ERR_IRQHandler
 1000595  1000595        0     1                 PDB1_IRQHandler
 1000595  1000595        0     1                 PDB1_ERR_IRQHandler
 1000595  1000595        0     1                 SENT0_IRQHandler
 1000595  1000595        0     1                 SENT1_IRQHandler
 1000595  1000595        0     1                 SENT2_IRQHandler
 1000595  1000595        0     1                 SENT3_IRQHandler
 1000595  1000595        0     1                 SENT4_IRQHandler
 1000595  1000595        0     1                 SENT5_IRQHandler
 1000595  1000595        0     1                 SENT6_IRQHandler
 1000595  1000595        0     1                 SENT7_IRQHandler
 1000595  1000595        0     1                 QSPI0_IRQHandler
 1000595  1000595        0     1                 ENET_LPI_IRQHandler
 1000595  1000595        0     1                 ENET_SBD_IRQHandler
 1000595  1000595        0     1                 ENET_PMT_IRQHandler
 1000595  1000595        0     1                 UART0_COMBINE_IRQHandler
 1000595  1000595        0     1                 UART2_COMBINE_IRQHandler
 1000595  1000595        0     1                 UART3_COMBINE_IRQHandler
 1000595  1000595        0     1                 LIN0_IRQHandler
 1000595  1000595        0     1                 LIN1_IRQHandler
 1000595  1000595        0     1                 LIN2_IRQHandler
 1000595  1000595        0     1                 LIN3_IRQHandler
 1000595  1000595        0     1                 LIN4_IRQHandler
 1000595  1000595        0     1                 LIN5_IRQHandler
 1000595  1000595        0     1                 LIN6_IRQHandler
 1000595  1000595        0     1                 LIN7_IRQHandler
 1000595  1000595        0     1                 LIN8_IRQHandler
 1000595  1000595        0     1                 LIN9_IRQHandler
 1000595  1000595        0     1                 LIN10_IRQHandler
 1000595  1000595        0     1                 LIN11_IRQHandler
 1000595  1000595        0     1                 LIN12_IRQHandler
 1000595  1000595        0     1                 LIN13_IRQHandler
 1000595  1000595        0     1                 LIN14_IRQHandler
 1000595  1000595        0     1                 LIN15_IRQHandler
 1000595  1000595        0     1                 I3C0_IRQHandler
 1000595  1000595        0     1                 SSP0_COMBINE_IRQHandler
 1000595  1000595        0     1                 SSP1_COMBINE_IRQHandler
 1000595  1000595        0     1                 SSP2_COMBINE_IRQHandler
 1000595  1000595        0     1                 SSP3_COMBINE_IRQHandler
 1000595  1000595        0     1                 SSP4_COMBINE_IRQHandler
 1000595  1000595        0     1                 SSP5_COMBINE_IRQHandler
 1000595  1000595        0     1                 SSP6_COMBINE_IRQHandler
 1000595  1000595        0     1                 SSP7_COMBINE_IRQHandler
 1000595  1000595        0     1                 GPIOA_IRQHandler
 1000595  1000595        0     1                 GPIOB_IRQHandler
 1000595  1000595        0     1                 GPIOC_IRQHandler
 1000595  1000595        0     1                 GPIOD_IRQHandler
 1000595  1000595        0     1                 GPIOE_IRQHandler
 1000595  1000595        0     1                 I2S0_IRQHandler
 1000595  1000595        0     1                 CAN_Busoff0_IRQHandler
 1000595  1000595        0     1                 CAN_Error0_IRQHandler
 1000595  1000595        0     1                 CAN_Mbor0_IRQHandler
 1000595  1000595        0     1                 CAN_EnhancedRxFifo0_IRQHandler
 1000595  1000595        0     1                 CAN_TXRX_Warnning0_IRQHandler
 1000595  1000595        0     1                 CAN_Wakeup0_IRQHandler
 1000595  1000595        0     1                 CAN_Wakeup1_IRQHandler
 1000595  1000595        0     1                 CAN_Wakeup2_IRQHandler
 1000595  1000595        0     1                 CAN_Busoff3_IRQHandler
 1000595  1000595        0     1                 CAN_Error3_IRQHandler
 1000595  1000595        0     1                 CAN_Mbor3_IRQHandler
 1000595  1000595        0     1                 CAN_EnhancedRxFifo3_IRQHandler
 1000595  1000595        0     1                 CAN_TXRX_Warnning3_IRQHandler
 1000595  1000595        0     1                 CAN_Wakeup3_IRQHandler
 1000595  1000595        0     1                 CAN_Wakeup4_IRQHandler
 1000595  1000595        0     1                 CAN_Busoff5_IRQHandler
 1000595  1000595        0     1                 CAN_Error5_IRQHandler
 1000595  1000595        0     1                 CAN_Mbor5_IRQHandler
 1000595  1000595        0     1                 CAN_EnhancedRxFifo5_IRQHandler
 1000595  1000595        0     1                 CAN_TXRX_Warnning5_IRQHandler
 1000595  1000595        0     1                 CAN_Wakeup5_IRQHandler
 1000595  1000595        0     1                 CAN_Busoff6_IRQHandler
 1000595  1000595        0     1                 CAN_Error6_IRQHandler
 1000595  1000595        0     1                 CAN_Mbor6_IRQHandler
 1000595  1000595        0     1                 CAN_EnhancedRxFifo6_IRQHandler
 1000595  1000595        0     1                 CAN_TXRX_Warnning6_IRQHandler
 1000595  1000595        0     1                 CAN_Wakeup6_IRQHandler
 1000595  1000595        0     1                 CAN_Busoff7_IRQHandler
 1000595  1000595        0     1                 CAN_Error7_IRQHandler
 1000595  1000595        0     1                 CAN_Mbor7_IRQHandler
 1000595  1000595        0     1                 CAN_EnhancedRxFifo7_IRQHandler
 1000595  1000595        0     1                 CAN_TXRX_Warnning7_IRQHandler
 1000595  1000595        0     1                 CAN_Wakeup7_IRQHandler
 1000595  1000595        0     1                 STM0_IRQHandler
 1000595  1000595        0     1                 STM1_IRQHandler
 1000595  1000595        0     1                 FTM0_IRQHandler
 1000595  1000595        0     1                 FTM2_IRQHandler
 1000595  1000595        0     1                 FTM3_IRQHandler
 1000595  1000595        0     1                 FTM4_IRQHandler
 1000595  1000595        0     1                 FTM5_IRQHandler
 1000595  1000595        0     1                 GTM_ATOM3_IRQHandler
 1000595  1000595        0     1                 GTM_ATOM2_IRQHandler
 1000595  1000595        0     1                 GTM_ATOM1_IRQHandler
 1000595  1000595        0     1                 GTM_ATOM0_IRQHandler
 1000595  1000595        0     1                 GTM_TIO3_G1_HO_IRQHandler
 1000595  1000595        0     1                 GTM_TIO3_G1_LO_IRQHandler
 1000595  1000595        0     1                 GTM_TIO2_G1_HO_IRQHandler
 1000595  1000595        0     1                 GTM_TIO2_G1_LO_IRQHandler
 1000595  1000595        0     1                 GTM_TIO1_G1_HO_IRQHandler
 1000595  1000595        0     1                 GTM_TIO1_G1_LO_IRQHandler
 1000595  1000595        0     1                 GTM_TIO0_G1_HO_IRQHandler
 1000595  1000595        0     1                 GTM_TIO0_G1_LO_IRQHandler
 1000595  1000595        0     1                 GTM_TIO3_G0_HO_IRQHandler
 1000595  1000595        0     1                 GTM_TIO3_G0_LO_IRQHandler
 1000595  1000595        0     1                 GTM_TIO2_G0_HO_IRQHandler
 1000595  1000595        0     1                 GTM_TIO2_G0_LO_IRQHandler
 1000595  1000595        0     1                 GTM_TIO1_G0_HO_IRQHandler
 1000595  1000595        0     1                 GTM_TIO1_G0_LO_IRQHandler
 1000595  1000595        0     1                 GTM_TIO0_G0_HO_IRQHandler
 1000595  1000595        0     1                 GTM_TIO0_G0_LO_IRQHandler
 1000595  1000595        0     1                 GTM_MCS2_S_HO_IRQHandler
 1000595  1000595        0     1                 GTM_MCS2_S_LO_IRQHandler
 1000595  1000595        0     1                 GTM_MCS1_S_HO_IRQHandler
 1000595  1000595        0     1                 GTM_MCS1_S_LO_IRQHandler
 1000595  1000595        0     1                 GTM_MCS0_S_HO_IRQHandler
 1000595  1000595        0     1                 GTM_MCS0_S_LO_IRQHandler
 1000595  1000595        0     1                 GTM_MCS2_HO_IRQHandler
 1000595  1000595        0     1                 GTM_MCS2_LO_IRQHandler
 1000595  1000595        0     1                 GTM_MCS1_HO_IRQHandler
 1000595  1000595        0     1                 GTM_MCS1_LO_IRQHandler
 1000595  1000595        0     1                 GTM_MCS0_HO_IRQHandler
 1000595  1000595        0     1                 GTM_MCS0_LO_IRQHandler
 1000595  1000595        0     1                 GTM_PSM0_HO_IRQHandler
 1000595  1000595        0     1                 GTM_PSM0_LO_IRQHandler
 1000595  1000595        0     1                 GTM_DPLL_HO_IRQHandler
 1000595  1000595        0     1                 GTM_DPLL_LO_IRQHandler
 1000595  1000595        0     1                 GTM_SPE1_IRQHandler
 1000595  1000595        0     1                 GTM_SPE0_IRQHandler
 1000595  1000595        0     1                 GTM_CMP_IRQHandler
 1000595  1000595        0     1                 GTM_BRC_IRQHandler
 1000595  1000595        0     1                 GTM_ARU_IRQHandler
 1000595  1000595        0     1                 GTM_AEI_IRQHandler
 1000595  1000595        0     1                 GTM_ERR_IRQHandler
 1000595  1000595        0     1                 GTM_TIM0_0_IRQHandler
 1000595  1000595        0     1                 GTM_TIM0_1_IRQHandler
 1000595  1000595        0     1                 GTM_TIM0_2_IRQHandler
 1000595  1000595        0     1                 GTM_TIM0_3_IRQHandler
 1000595  1000595        0     1                 GTM_TIM0_4_IRQHandler
 1000595  1000595        0     1                 GTM_TIM0_5_IRQHandler
 1000595  1000595        0     1                 GTM_TIM0_6_IRQHandler
 1000595  1000595        0     1                 GTM_TIM0_7_IRQHandler
 1000595  1000595        0     1                 GTM_TIM1_0_IRQHandler
 1000595  1000595        0     1                 GTM_TIM1_1_IRQHandler
 1000595  1000595        0     1                 GTM_TIM1_2_IRQHandler
 1000595  1000595        0     1                 GTM_TIM1_3_IRQHandler
 1000595  1000595        0     1                 GTM_TIM1_4_IRQHandler
 1000595  1000595        0     1                 GTM_TIM1_5_IRQHandler
 1000595  1000595        0     1                 GTM_TIM1_6_IRQHandler
 1000595  1000595        0     1                 GTM_TIM1_7_IRQHandler
 1000595  1000595        0     1                 GTM_TIM2_0_IRQHandler
 1000595  1000595        0     1                 GTM_TIM2_1_IRQHandler
 1000595  1000595        0     1                 GTM_TIM2_2_IRQHandler
 1000595  1000595        0     1                 GTM_TIM2_3_IRQHandler
 1000595  1000595        0     1                 GTM_TIM2_4_IRQHandler
 1000595  1000595        0     1                 GTM_TIM2_5_IRQHandler
 1000595  1000595        0     1                 GTM_TIM2_6_IRQHandler
 1000595  1000595        0     1                 GTM_TIM2_7_IRQHandler
 1000595  1000595        0     1                 GTM_TOM0_0_IRQHandler
 1000595  1000595        0     1                 GTM_TOM0_1_IRQHandler
 1000595  1000595        0     1                 GTM_TOM0_2_IRQHandler
 1000595  1000595        0     1                 GTM_TOM0_3_IRQHandler
 1000595  1000595        0     1                 GTM_TOM0_4_IRQHandler
 1000595  1000595        0     1                 GTM_TOM0_5_IRQHandler
 1000595  1000595        0     1                 GTM_TOM0_6_IRQHandler
 1000595  1000595        0     1                 GTM_TOM0_7_IRQHandler
 1000595  1000595        0     1                 GTM_TOM1_0_IRQHandler
 1000595  1000595        0     1                 GTM_TOM1_1_IRQHandler
 1000595  1000595        0     1                 GTM_TOM1_2_IRQHandler
 1000595  1000595        0     1                 GTM_TOM1_3_IRQHandler
 1000595  1000595        0     1                 GTM_TOM1_4_IRQHandler
 1000595  1000595        0     1                 GTM_TOM1_5_IRQHandler
 1000595  1000595        0     1                 GTM_TOM1_6_IRQHandler
 1000595  1000595        0     1                 GTM_TOM1_7_IRQHandler
 1000598  1000598       10     4         D:\software\TTstudio\EclipseIDE-master\toolchain\LLVMEmbeddedToolchainForArm-17.0.1-Windows-x86_64\bin\..\lib\clang-runtimes/arm-none-eabi/armv7em_hard_fpv5_d16\lib\libc.a(strlen.S.o):(.text)
 1000598  1000598        0     1                 
 1000598  1000598        0     1                 $t.0
 1000599  1000599       10     1                 strlen
 10005a8  10005a8       14     4         D:\software\TTstudio\EclipseIDE-master\toolchain\LLVMEmbeddedToolchainForArm-17.0.1-Windows-x86_64\bin\..\lib\clang-runtimes/arm-none-eabi/armv7em_hard_fpv5_d16\lib\libclang_rt.builtins.a(aeabi_uldivmod.S.obj):(.text)
 10005a8  10005a8        0     1                 $t.0
 10005a9  10005a9       14     1                 __aeabi_uldivmod
 10005bc  10005bc       10     2         ./src/bsp/nano_stubs/exit.o:(.text._exit)
 10005bc  10005bc        0     1                 $t.0
 10005bd  10005bd       10     1                 _exit
 10005cc  10005cc       52     2         ./src/bsp/nano_stubs/write.o:(.text.puts)
 10005cc  10005cc        0     1                 $t.0
 10005cd  10005cd       52     1                 puts
 100061e  100061e       32     2         ./src/bsp/nano_stubs/write.o:(.text.printf)
 100061e  100061e        0     1                 $t.1
 100061f  100061f       32     1                 printf
 1000650  1000650       34     4         ./src/kinematics.o:(.text.kinematics_create)
 1000650  1000650        0     1                 $t.0
 1000651  1000651       34     1                 kinematics_create
 1000680  1000680        0     1                 $d.1
 1000684  1000684       8a     2         ./src/kinematics.o:(.text.kinematics_get_rpm)
 1000684  1000684        0     1                 $t.2
 1000685  1000685       8a     1                 kinematics_get_rpm
 100070e  100070e       16     2         ./src/main.o:(.text.Uart1_callback)
 100070e  100070e        0     1                 $t.0
 100070f  100070f       16     1                 Uart1_callback
 1000724  1000724       16     2         ./src/main.o:(.text.Uart0_callback)
 1000724  1000724        0     1                 $t.1
 1000725  1000725       16     1                 Uart0_callback
 100073a  100073a       1a     2         ./src/main.o:(.text.Gpt_Notification_0)
 100073a  100073a        0     1                 $t.2
 100073b  100073b       1a     1                 Gpt_Notification_0
 1000754  1000754       6c     2         ./src/main.o:(.text.shoot_task)
 1000754  1000754        0     1                 $t.3
 1000755  1000755       6c     1                 shoot_task
 10007c0  10007c0       1e     2         ./src/main.o:(.text.CB1)
 10007c0  10007c0        0     1                 $t.4
 10007c1  10007c1       1e     1                 CB1
 10007de  10007de       16     2         ./src/main.o:(.text.CB2)
 10007de  10007de        0     1                 $t.5
 10007df  10007df       16     1                 CB2
 10007f4  10007f4        e     2         ./src/main.o:(.text.CanIf_TxConfirmation)
 10007f4  10007f4        0     1                 $t.6
 10007f5  10007f5        e     1                 CanIf_TxConfirmation
 1000802  1000802      196     2         ./src/main.o:(.text.CanIf_RxIndication)
 1000802  1000802        0     1                 $t.7
 1000803  1000803      196     1                 CanIf_RxIndication
 1000998  1000998        2     2         ./src/main.o:(.text.Can0_ErrorNotify)
 1000998  1000998        0     1                 $t.8
 1000999  1000999        2     1                 Can0_ErrorNotify
 100099a  100099a        2     2         ./src/main.o:(.text.Can1_ErrorNotify)
 100099a  100099a        0     1                 $t.9
 100099b  100099b        2     1                 Can1_ErrorNotify
 100099c  100099c        2     2         ./src/main.o:(.text.Can6_ErrorNotify)
 100099c  100099c        0     1                 $t.10
 100099d  100099d        2     1                 Can6_ErrorNotify
 100099e  100099e       22     2         ./src/main.o:(.text.Can_CreatePduInfo)
 100099e  100099e        0     1                 $t.12
 100099f  100099f       22     1                 Can_CreatePduInfo
 10009c0  10009c0       96     2         ./src/main.o:(.text.RemoteDataProcess)
 10009c0  10009c0        0     1                 $t.13
 10009c1  10009c1       96     1                 RemoteDataProcess
 1000a56  1000a56      260     2         ./src/main.o:(.text.Receive_buff_verify)
 1000a56  1000a56        0     1                 $t.14
 1000a57  1000a57      260     1                 Receive_buff_verify
 1000cb8  1000cb8       8c     4         ./src/main.o:(.text.dj_motor_init)
 1000cb8  1000cb8        0     1                 $t.15
 1000cb9  1000cb9       8c     1                 dj_motor_init
 1000d38  1000d38        0     1                 $d.16
 1000d44  1000d44       6a     2         ./src/main.o:(.text.sensor_ch_init)
 1000d44  1000d44        0     1                 $t.18
 1000d45  1000d45       6a     1                 sensor_ch_init
 1000dae  1000dae       22     2         ./src/main.o:(.text.claw_shoot_init)
 1000dae  1000dae        0     1                 $t.19
 1000daf  1000daf       22     1                 claw_shoot_init
 1000dd0  1000dd0      258     4         ./src/main.o:(.text.main)
 1000dd0  1000dd0        0     1                 $t.21
 1000dd1  1000dd1      258     1                 main
 100101c  100101c        0     1                 $d.22
 1001028  1001028       b8     2         ./src/motor.o:(.text.Disable_Tode_Motor)
 1001028  1001028        0     1                 $t.0
 1001029  1001029       b8     1                 Disable_Tode_Motor
 10010e0  10010e0       b8     2         ./src/motor.o:(.text.Enable_Tode_Motor)
 10010e0  10010e0        0     1                 $t.1
 10010e1  10010e1       b8     1                 Enable_Tode_Motor
 1001198  1001198       b8     2         ./src/motor.o:(.text.Clear_Error_Tode_Motor)
 1001198  1001198        0     1                 $t.2
 1001199  1001199       b8     1                 Clear_Error_Tode_Motor
 1001250  1001250      3f0     2         ./src/motor.o:(.text.tode_moto_init_re)
 1001250  1001250        0     1                 $t.3
 1001251  1001251      3f0     1                 tode_moto_init_re
 1001640  1001640      420     2         ./src/motor.o:(.text.tode_moto_init)
 1001640  1001640        0     1                 $t.4
 1001641  1001641      420     1                 tode_moto_init
 1001a60  1001a60      1a8     4         ./src/motor.o:(.text.Set_TodeMotor_Spd)
 1001a60  1001a60        0     1                 $t.5
 1001a61  1001a61      1a8     1                 Set_TodeMotor_Spd
 1001bf0  1001bf0        0     1                 $d.6
 1001c08  1001c08       8e     2         ./src/motor.o:(.text.Set_DJmoto_Spd)
 1001c08  1001c08        0     1                 $t.7
 1001c09  1001c09       8e     1                 Set_DJmoto_Spd
 1001c96  1001c96       de     2         ./src/motor.o:(.text.Set_Moto_Spd)
 1001c96  1001c96        0     1                 $t.11
 1001c97  1001c97       de     1                 Set_Moto_Spd
 1001d74  1001d74       5e     2         ./src/motor.o:(.text.Get_Measure)
 1001d74  1001d74        0     1                 $t.12
 1001d75  1001d75       5e     1                 Get_Measure
 1001dd4  1001dd4      210     4         ./src/pid.o:(.text.pid_calc)
 1001dd4  1001dd4        0     1                 $t.1
 1001dd5  1001dd5      210     1                 pid_calc
 1001fe0  1001fe0        0     1                 $d.2
 1001fe4  1001fe4       20     2         ./src/pid.o:(.text.PID_struct_init)
 1001fe4  1001fe4        0     1                 $t.5
 1001fe5  1001fe5       20     1                 PID_struct_init
 1002004  1002004        e     2         ./src/pid.o:(.text.pid_param_init)
 1002004  1002004        0     1                 $t.6
 1002005  1002005        e     1                 pid_param_init
 1002012  1002012        6     2         ./src/pid.o:(.text.pid_reset)
 1002012  1002012        0     1                 $t.7
 1002013  1002013        6     1                 pid_reset
 1002018  1002018       3c     4         D:\software\TTstudio\EclipseIDE-master\toolchain\LLVMEmbeddedToolchainForArm-17.0.1-Windows-x86_64\bin\..\lib\clang-runtimes/arm-none-eabi/armv7em_hard_fpv5_d16\lib\libc.a(libc_tinystdio_vsprintf.c.o):(.text.vsprintf)
 1002018  1002018        0     1                 $t.0
 1002019  1002019       3c     1                 vsprintf
 1002050  1002050        0     1                 $d.1
 1002054  1002054      bb8     4         D:\software\TTstudio\EclipseIDE-master\toolchain\LLVMEmbeddedToolchainForArm-17.0.1-Windows-x86_64\bin\..\lib\clang-runtimes/arm-none-eabi/armv7em_hard_fpv5_d16\lib\libc.a(libc_tinystdio_vfprintf.c.o):(.text.vfprintf)
 1002054  1002054        0     1                 $t.0
 1002055  1002055      bb8     1                 vfprintf
 1002055  1002055      bb8     1                 __d_vfprintf
 10020e2  10020e2        0     1                 $d.1
 10020ec  10020ec        0     1                 $t.2
 10022e0  10022e0        0     1                 $d.3
 10022ee  10022ee        0     1                 $t.4
 1002c00  1002c00        0     1                 $d.5
 1002c0c  1002c0c      168     4         D:\software\TTstudio\EclipseIDE-master\toolchain\LLVMEmbeddedToolchainForArm-17.0.1-Windows-x86_64\bin\..\lib\clang-runtimes/arm-none-eabi/armv7em_hard_fpv5_d16\lib\libc.a(libc_tinystdio_vfprintf.c.o):(.text.skip_to_arg)
 1002c0c  1002c0c        0     1                 $t.6
 1002c0d  1002c0d      168     1                 skip_to_arg
 1002d70  1002d70        0     1                 $d.7
 1002d74  1002d74       48     2         D:\software\TTstudio\EclipseIDE-master\toolchain\LLVMEmbeddedToolchainForArm-17.0.1-Windows-x86_64\bin\..\lib\clang-runtimes/arm-none-eabi/armv7em_hard_fpv5_d16\lib\libc.a(libc_tinystdio_vfprintf.c.o):(.text.__ultoa_invert)
 1002d74  1002d74        0     1                 $t.8
 1002d75  1002d75       48     1                 __ultoa_invert
 1002dbc  1002dbc       1a     2         D:\software\TTstudio\EclipseIDE-master\toolchain\LLVMEmbeddedToolchainForArm-17.0.1-Windows-x86_64\bin\..\lib\clang-runtimes/arm-none-eabi/armv7em_hard_fpv5_d16\lib\libc.a(libc_string_strnlen.c.o):(.text.strnlen)
 1002dbc  1002dbc        0     1                 $t.0
 1002dbd  1002dbd       1a     1                 strnlen
 1002dd6  1002dd6       10     2         D:\software\TTstudio\EclipseIDE-master\toolchain\LLVMEmbeddedToolchainForArm-17.0.1-Windows-x86_64\bin\..\lib\clang-runtimes/arm-none-eabi/armv7em_hard_fpv5_d16\lib\libc.a(libc_tinystdio_filestrput.c.o):(.text.__file_str_put)
 1002dd6  1002dd6        0     1                 $t.0
 1002dd7  1002dd7       10     1                 __file_str_put
 1002de6  1002de6      466     2         D:\software\TTstudio\EclipseIDE-master\toolchain\LLVMEmbeddedToolchainForArm-17.0.1-Windows-x86_64\bin\..\lib\clang-runtimes/arm-none-eabi/armv7em_hard_fpv5_d16\lib\libc.a(libc_tinystdio_dtoa_ryu.c.o):(.text.__dtoa_engine)
 1002de6  1002de6        0     1                 $t.0
 1002de7  1002de7      466     1                 __dtoa_engine
 100324c  100324c       12     2         D:\software\TTstudio\EclipseIDE-master\toolchain\LLVMEmbeddedToolchainForArm-17.0.1-Windows-x86_64\bin\..\lib\clang-runtimes/arm-none-eabi/armv7em_hard_fpv5_d16\lib\libc.a(libc_tinystdio_dtoa_ryu.c.o):(.text.div10)
 100324c  100324c        0     1                 $t.1
 100324d  100324d       12     1                 div10
 1003260  1003260       20     4         D:\software\TTstudio\EclipseIDE-master\toolchain\LLVMEmbeddedToolchainForArm-17.0.1-Windows-x86_64\bin\..\lib\clang-runtimes/arm-none-eabi/armv7em_hard_fpv5_d16\lib\libc.a(libc_tinystdio_dtoa_ryu.c.o):(.text.umulh)
 1003260  1003260        0     1                 $t.2
 1003261  1003261       20     1                 umulh
 100327c  100327c        0     1                 $d.3
 1003280  1003280      1da     2         D:\software\TTstudio\EclipseIDE-master\toolchain\LLVMEmbeddedToolchainForArm-17.0.1-Windows-x86_64\bin\..\lib\clang-runtimes/arm-none-eabi/armv7em_hard_fpv5_d16\lib\libc.a(libc_tinystdio_dtoa_ryu.c.o):(.text.mulShiftAll64)
 1003280  1003280        0     1                 $t.4
 1003281  1003281      1da     1                 mulShiftAll64
 100345a  100345a       30     2         D:\software\TTstudio\EclipseIDE-master\toolchain\LLVMEmbeddedToolchainForArm-17.0.1-Windows-x86_64\bin\..\lib\clang-runtimes/arm-none-eabi/armv7em_hard_fpv5_d16\lib\libc.a(libc_tinystdio_dtoa_ryu.c.o):(.text.decimalLength17)
 100345a  100345a        0     1                 $t.5
 100345b  100345b       30     1                 decimalLength17
 100348a  100348a        e     2         D:\software\TTstudio\EclipseIDE-master\toolchain\LLVMEmbeddedToolchainForArm-17.0.1-Windows-x86_64\bin\..\lib\clang-runtimes/arm-none-eabi/armv7em_hard_fpv5_d16\lib\libc.a(libc_tinystdio_dtoa_ryu.c.o):(.text.OUTLINED_FUNCTION_0)
 100348a  100348a        0     1                 $t.6
 100348b  100348b        e     1                 OUTLINED_FUNCTION_0
 1003498  1003498       3c     4         D:\software\TTstudio\EclipseIDE-master\toolchain\LLVMEmbeddedToolchainForArm-17.0.1-Windows-x86_64\bin\..\lib\clang-runtimes/arm-none-eabi/armv7em_hard_fpv5_d16\lib\libc.a(libc_tinystdio_ryu_table.c.o):(.text.__pow5Factor)
 1003498  1003498        0     1                 $t.0
 1003499  1003499       3c     1                 __pow5Factor
 10034cc  10034cc        0     1                 $d.1
 10034d4  10034d4       dc     4         D:\software\TTstudio\EclipseIDE-master\toolchain\LLVMEmbeddedToolchainForArm-17.0.1-Windows-x86_64\bin\..\lib\clang-runtimes/arm-none-eabi/armv7em_hard_fpv5_d16\lib\libc.a(libc_tinystdio_ryu_table.c.o):(.text.__double_computePow5)
 10034d4  10034d4        0     1                 $t.2
 10034d5  10034d5       dc     1                 __double_computePow5
 10035a4  10035a4        0     1                 $d.3
 10035b0  10035b0       e8     4         D:\software\TTstudio\EclipseIDE-master\toolchain\LLVMEmbeddedToolchainForArm-17.0.1-Windows-x86_64\bin\..\lib\clang-runtimes/arm-none-eabi/armv7em_hard_fpv5_d16\lib\libc.a(libc_tinystdio_ryu_table.c.o):(.text.__double_computeInvPow5)
 10035b0  10035b0        0     1                 $t.4
 10035b1  10035b1       e8     1                 __double_computeInvPow5
 100368c  100368c        0     1                 $d.5
 1003698  1003698       14     2         D:\software\TTstudio\EclipseIDE-master\toolchain\LLVMEmbeddedToolchainForArm-17.0.1-Windows-x86_64\bin\..\lib\clang-runtimes/arm-none-eabi/armv7em_hard_fpv5_d16\lib\libc.a(libc_tinystdio_ryu_table.c.o):(.text.OUTLINED_FUNCTION_0)
 1003698  1003698        0     1                 $t.6
 1003699  1003699       14     1                 OUTLINED_FUNCTION_0
 10036ac  10036ac       10     2         D:\software\TTstudio\EclipseIDE-master\toolchain\LLVMEmbeddedToolchainForArm-17.0.1-Windows-x86_64\bin\..\lib\clang-runtimes/arm-none-eabi/armv7em_hard_fpv5_d16\lib\libc.a(libc_tinystdio_ryu_table.c.o):(.text.OUTLINED_FUNCTION_1)
 10036ac  10036ac        0     1                 $t.7
 10036ad  10036ad       10     1                 OUTLINED_FUNCTION_1
 10036bc  10036bc       10     2         D:\software\TTstudio\EclipseIDE-master\toolchain\LLVMEmbeddedToolchainForArm-17.0.1-Windows-x86_64\bin\..\lib\clang-runtimes/arm-none-eabi/armv7em_hard_fpv5_d16\lib\libc.a(libc_tinystdio_ryu_table.c.o):(.text.OUTLINED_FUNCTION_2)
 10036bc  10036bc        0     1                 $t.8
 10036bd  10036bd       10     1                 OUTLINED_FUNCTION_2
 10036cc  10036cc        c     4         D:\software\TTstudio\EclipseIDE-master\toolchain\LLVMEmbeddedToolchainForArm-17.0.1-Windows-x86_64\bin\..\lib\clang-runtimes/arm-none-eabi/armv7em_hard_fpv5_d16\lib\libc.a(libc_tinystdio_ryu_log10.c.o):(.text.__log10Pow2)
 10036cc  10036cc        0     1                 $t.0
 10036cd  10036cd        c     1                 __log10Pow2
 10036d4  10036d4        0     1                 $d.1
 10036d8  10036d8        c     4         D:\software\TTstudio\EclipseIDE-master\toolchain\LLVMEmbeddedToolchainForArm-17.0.1-Windows-x86_64\bin\..\lib\clang-runtimes/arm-none-eabi/armv7em_hard_fpv5_d16\lib\libc.a(libc_tinystdio_ryu_log10.c.o):(.text.__log10Pow5)
 10036d8  10036d8        0     1                 $t.2
 10036d9  10036d9        c     1                 __log10Pow5
 10036e0  10036e0        0     1                 $d.3
 10036e4  10036e4       10     4         D:\software\TTstudio\EclipseIDE-master\toolchain\LLVMEmbeddedToolchainForArm-17.0.1-Windows-x86_64\bin\..\lib\clang-runtimes/arm-none-eabi/armv7em_hard_fpv5_d16\lib\libc.a(libc_tinystdio_ryu_pow5bits.c.o):(.text.__pow5bits)
 10036e4  10036e4        0     1                 $t.0
 10036e5  10036e5       10     1                 __pow5bits
 10036f0  10036f0        0     1                 $d.1
 10036f4  10036f4       42     2         D:\software\TTstudio\EclipseIDE-master\toolchain\LLVMEmbeddedToolchainForArm-17.0.1-Windows-x86_64\bin\..\lib\clang-runtimes/arm-none-eabi/armv7em_hard_fpv5_d16\lib\libc.a(libc_tinystdio_ryu_umul128.c.o):(.text.__umul128)
 10036f4  10036f4        0     1                 $t.0
 10036f5  10036f5       42     1                 __umul128
 1003736  1003736       36     2         D:\software\TTstudio\EclipseIDE-master\toolchain\LLVMEmbeddedToolchainForArm-17.0.1-Windows-x86_64\bin\..\lib\clang-runtimes/arm-none-eabi/armv7em_hard_fpv5_d16\lib\libc.a(libc_tinystdio_ryu_umul128.c.o):(.text.__shiftright128)
 1003736  1003736        0     1                 $t.1
 1003737  1003737       36     1                 __shiftright128
 100376c  100376c        a     2         D:\software\TTstudio\EclipseIDE-master\toolchain\LLVMEmbeddedToolchainForArm-17.0.1-Windows-x86_64\bin\..\lib\clang-runtimes/arm-none-eabi/armv7em_hard_fpv5_d16\lib\libc.a(aeabi_memset.c.o):(.text.__aeabi_memset)
 100376c  100376c        0     1                 $t.0
 100376d  100376d        a     1                 __aeabi_memset
 100376d  100376d        a     1                 __aeabi_memset4
 100376d  100376d        a     1                 __aeabi_memset8
 1003776  1003776        8     2         D:\software\TTstudio\EclipseIDE-master\toolchain\LLVMEmbeddedToolchainForArm-17.0.1-Windows-x86_64\bin\..\lib\clang-runtimes/arm-none-eabi/armv7em_hard_fpv5_d16\lib\libc.a(bzero.c.o):(.text.bzero)
 1003776  1003776        0     1                 $t.0
 1003777  1003777        8     1                 bzero
 1003777  1003777        8     1                 __aeabi_memclr4
 1003777  1003777        8     1                 __aeabi_memclr8
 1003777  1003777        8     1                 __aeabi_memclr
 100377e  100377e        e     2         D:\software\TTstudio\EclipseIDE-master\toolchain\LLVMEmbeddedToolchainForArm-17.0.1-Windows-x86_64\bin\..\lib\clang-runtimes/arm-none-eabi/armv7em_hard_fpv5_d16\lib\libc.a(memset.c.o):(.text.memset)
 100377e  100377e        0     1                 $t.0
 100377f  100377f        e     1                 memset
 100378c  100378c       28     4         D:\software\TTstudio\EclipseIDE-master\toolchain\LLVMEmbeddedToolchainForArm-17.0.1-Windows-x86_64\bin\..\lib\clang-runtimes/arm-none-eabi/armv7em_hard_fpv5_d16\lib\libclang_rt.builtins.a(ashldi3.c.obj):(.text.__ashldi3)
 100378c  100378c        0     1                 $t.0
 100378d  100378d       28     1                 __ashldi3
 100378d  100378d       28     1                 __aeabi_llsl
 10037b4  10037b4       28     4         D:\software\TTstudio\EclipseIDE-master\toolchain\LLVMEmbeddedToolchainForArm-17.0.1-Windows-x86_64\bin\..\lib\clang-runtimes/arm-none-eabi/armv7em_hard_fpv5_d16\lib\libclang_rt.builtins.a(lshrdi3.c.obj):(.text.__lshrdi3)
 10037b4  10037b4        0     1                 $t.0
 10037b5  10037b5       28     1                 __lshrdi3
 10037b5  10037b5       28     1                 __aeabi_llsr
 10037dc  10037dc      26e     4         D:\software\TTstudio\EclipseIDE-master\toolchain\LLVMEmbeddedToolchainForArm-17.0.1-Windows-x86_64\bin\..\lib\clang-runtimes/arm-none-eabi/armv7em_hard_fpv5_d16\lib\libclang_rt.builtins.a(udivmoddi4.c.obj):(.text.__udivmoddi4)
 10037dc  10037dc        0     1                 $t.0
 10037dd  10037dd      26e     1                 __udivmoddi4
 1003a4c  1003a4c       1e     4         <internal>:(.text.thunk)
 1003a6a  1003a6a        2     1         . = ALIGN ( 4 )
 1003a6c  1003a6c        0     1         . = ALIGN ( 4 )
 1003a6c  1003a6c        0     1         . = ALIGN ( 4 )
 1003a6c  1003a6c        0     1         . = ALIGN ( 4 )
 1003a6c  1003a6c        0     1         . = ALIGN ( 4 )
 1003a6c  1003a6c        0     1         . = ALIGN ( 4 )
 1003a6c  1003a6c      228     2         ./src/bsp/env/exceptions_m7.o:(.mcal_text_normal.platform)
 1003a6c  1003a6c        0     1                 $t.0
 1003a6d  1003a6d       10     1                 NMI_IRQHandler
 1003a7d  1003a7d      144     1                 HardFault_IRQHandler_c
 1003bc1  1003bc1       10     1                 MemManage_IRQHandler
 1003bd1  1003bd1       10     1                 BusFault_IRQHandler
 1003be1  1003be1       10     1                 UsageFault_IRQHandler
 1003bf1  1003bf1       10     1                 SVC_IRQHandler
 1003c01  1003c01       10     1                 DebugMon_IRQHandler
 1003c11  1003c11       10     1                 PendSV_IRQHandler
 1003c21  1003c21       10     1                 SysTick_IRQHandler
 1003c31  1003c31       38     1                 Default_IRQHandler_c
 1003c69  1003c69       2c     1                 SHDN_IRQHandler
 1003c94  1003c94       98     2         ./src/bsp/env/startup_init_data_m7.o:(.mcal_text_normal.platform)
 1003c94  1003c94        0     1                 $t.0
 1003c95  1003c95       98     1                 init_data_bss
 1003d2c  1003d2c      360     2         ./src/bsp/env/system_m7.o:(.mcal_text_normal.platform)
 1003d2c  1003d2c        0     1                 $t.0
 1003d2d  1003d2d      360     1                 SystemInit
 100408c  100408c       1c     2         ./src/bsp/drivers/Uart_TS_TTA8M1I1P0/src/Uart_Hal.o:(.mcal_text_normal.uart)
 100408c  100408c        0     1                 $t.2
 100408d  100408d        e     1                 Uart_Hal_GetErrorStatus
 100409b  100409b        e     1                 Uart_Hal_SetBaudrate
 10040a8  10040a8      5e2     2         ./src/bsp/drivers/Port_TS_TTA8M1I1P0/src/Port_Hw.o:(.mcal_text_normal.port)
 10040a8  10040a8        0     1                 $t.1
 10040a9  10040a9      2e0     1                 Port_Hw_PriSetPinCfg
 1004389  1004389       d8     1                 Port_Hw_SetPinDirection
 1004461  1004461       92     1                 Port_Hw_SetPinMode
 10044f3  10044f3      18a     1                 Port_Hw_SetPinAllCfg
 100467d  100467d        e     1                 Port_Hw_PriDiolclClkControl
 100468a  100468a      296     2         ./src/bsp/drivers/Platform_TS_TTA8M1I1P0/src/Platform_Hw_IntCtrl.o:(.mcal_text_normal.platform)
 100468a  100468a        0     1                 $t.1
 100468b  100468b       2a     1                 Platform_Hw_IntCtrl_GroupingSetPriority
 10046b5  10046b5       24     1                 Platform_Hw_IntCtrl_ClearPendingIRQ
 10046d9  10046d9       60     1                 Platform_Hw_IntCtrl_SetPriority
 1004739  1004739       24     1                 Platform_Hw_IntCtrl_EnableIRQ
 100475d  100475d       2c     1                 Platform_Hw_IntCtrl_DisableIRQ
 1004789  1004789       1a     1                 Platform_Hw_IntCtrl_GroupingGetPriority
 10047a3  10047a3       1e     1                 Platform_Hw_IntCtrl_GetPriority
 10047c1  10047c1       2e     1                 Platform_Hw_IntCtrl_GetEnableIRQ
 10047ef  10047ef       2e     1                 Platform_Hw_IntCtrl_GetPendingIRQ
 100481d  100481d       24     1                 Platform_Hw_IntCtrl_SetPendingIRQ
 1004841  1004841       2e     1                 Platform_Hw_IntCtrl_GetActive
 100486f  100486f       16     1                 Platform_Hw_IntCtrl_SoftTrig
 1004885  1004885       46     1                 Platform_Hw_IntCtrl_EncodePriority
 10048cb  10048cb       56     1                 Platform_Hw_IntCtrl_DecodePriority
 1004920  1004920      430     2         ./src/bsp/drivers/Platform_TS_TTA8M1I1P0/src/Platform_Hw_Mpu.o:(.mcal_text_normal.platform)
 1004920  1004920        0     1                 $t.1
 1004921  1004921       18     1                 Platform_Hw_Mpu_GetDRegion
 1004939  1004939      12a     1                 Platform_Hw_Mpu_SetRegionConfig
 1004a63  1004a63       54     1                 Platform_Hw_Mpu_EnableRegion
 1004ab7  1004ab7       68     1                 Platform_Hw_Mpu_SetAccessRight
 1004b1f  1004b1f       a6     1                 Platform_Hw_Mpu_GetErrorDetails
 1004bc5  1004bc5       1e     1                 Platform_Hw_Mpu_Enable
 1004be3  1004be3       20     1                 Platform_Hw_Mpu_Disable
 1004c03  1004c03       12     1                 Platform_Hw_Mpu_ClrRegion
 1004c15  1004c15       10     1                 Platform_Hw_Mpu_SetRegion
 1004c25  1004c25       12     1                 Platform_Hw_Mpu_SetRegionEx
 1004c37  1004c37       3e     1                 Platform_Hw_Mpu_Load
 1004c75  1004c75       dc     1                 Platform_Hw_Mpu_ConfigRegion
 1004d50  1004d50      418     4         ./src/bsp/drivers/Mcu_TS_TTA8M1I1P0/src/Mcu_Drv.o:(.mcal_text_normal.mcu)
 1004d50  1004d50        0     1                 $t.1
 1004d51  1004d51       28     1                 Mcu_Drv_Cmu_Start
 1004d79  1004d79       28     1                 Mcu_Drv_Cmu_Stop
 1004da1  1004da1       36     1                 Mcu_Drv_Ppu_Control
 1004dd7  1004dd7       14     1                 Mcu_Drv_Ppu_GetErrStatus
 1004deb  1004deb       14     1                 Mcu_Drv_Ppu_ClearErrStatus
 1004dff  1004dff       28     1                 Mcu_Drv_Rtc_Start
 1004e27  1004e27       2a     1                 Mcu_Drv_Rtc_GetState
 1004e51  1004e51       28     1                 Mcu_Drv_Rtc_Clear
 1004e79  1004e79       14     1                 Mcu_Drv_Misc_LocalResetModules
 1004e8d  1004e8d       14     1                 Mcu_Drv_Misc_PerformReset
 1004ea1  1004ea1       14     1                 Mcu_Drv_Pmu_GetUserValue
 1004eb5  1004eb5       14     1                 Mcu_Drv_Pmu_SetUserValue
 1004ec9  1004ec9       14     1                 Mcu_Drv_Pmu_LocalReset
 1004edd  1004edd       14     1                 Mcu_Drv_Pmu_ConfigNmi
 1004ef1  1004ef1       14     1                 Mcu_Drv_Pmu_ConfigGpio
 1004f05  1004f05       14     1                 Mcu_Drv_Pmu_GetResetRawValue
 1004f19  1004f19       10     1                 Mcu_Drv_Pmu_GetResetReason
 1004f29  1004f29       14     1                 Mcu_Drv_Pmu_EnterStandby
 1004f3d  1004f3d       14     1                 Mcu_Drv_Pmu_EnterSleep
 1004f51  1004f51       7e     1                 Mcu_Drv_Pmu_ConfigMode
 1004fcf  1004fcf       14     1                 Mcu_Drv_Pmu_SetCallBack
 1004fe3  1004fe3       14     1                 Mcu_Drv_Pmu_SetHsmCipPowerDown
 1004ff7  1004ff7       14     1                 Mcu_Drv_Pmu_GetHsmCipPowerDown
 100500d  100500d       5a     1                 Mcu_Drv_Clk_GetPeriph
 1005028  1005028        0     1                 $d.2
 100502c  100502c        0     1                 $t.3
 1005067  1005067       38     1                 Mcu_Drv_Clk_PllConfig
 100509f  100509f       14     1                 Mcu_Drv_Clk_StopModules
 10050b3  10050b3       14     1                 Mcu_Drv_Clk_StartModules
 10050c7  10050c7        4     1                 Mcu_Drv_Clk_StatusModules
 10050cb  10050cb       14     1                 Mcu_Drv_Clk_SleepModules
 10050df  10050df       14     1                 Mcu_Drv_Clk_AwakenModules
 10050f3  10050f3       14     1                 Mcu_Drv_Clk_PeriStopModules
 1005107  1005107       62     1                 Mcu_Drv_Clk_GetPllStatus
 1005168  1005168      838     4         ./src/bsp/drivers/Mcu_TS_TTA8M1I1P0/src/Mcu_Hw_Clk.o:(.mcal_text_normal.mcu)
 1005168  1005168        0     1                 $t.0
 1005169  1005169       3a     1                 Mcu_Hw_Clk_StopModules
 10051a3  10051a3       3c     1                 Mcu_Hw_Clk_StartModules
 10051df  10051df       20     1                 Mcu_Hw_Clk_StatusModules
 10051ff  10051ff       56     1                 Mcu_Hw_Clk_SleepModules
 1005255  1005255       58     1                 Mcu_Hw_Clk_AwakenModules
 10052ad  10052ad       32     1                 Mcu_Hw_Clk_PeriStopModules
 10052df  10052df       22     1                 Mcu_Hw_Clk_GetMPllStatus
 1005301  1005301       22     1                 Mcu_Hw_Clk_GetEPllStatus
 1005323  1005323      10c     1                 Mcu_Hw_Clk_MpllConfig
 100542f  100542f        a     1                 Mcu_Hw_Clk_GetSystem
 1005439  1005439       fc     1                 Mcu_Hw_Clk_PriMpllSwitch
 1005535  1005535       f2     1                 Mcu_Hw_Clk_EpllConfig
 1005627  1005627       6a     1                 Mcu_Hw_Clk_GetEpll
 1005691  1005691       7a     1                 Mcu_Hw_Clk_GetMpll
 100570b  100570b       3a     1                 Mcu_Hw_Clk_GetBus
 1005745  1005745      128     1                 Mcu_Hw_Clk_GetPeriph
 10057a8  10057a8        0     1                 $d.1
 1005808  1005808        0     1                 $t.2
 100586d  100586d      134     1                 Mcu_Hw_Clk_PriMpllFindNMP
 10059a0  10059a0       e0     2         ./src/bsp/drivers/Mcu_TS_TTA8M1I1P0/src/Mcu_Hw_Cmu.o:(.mcal_text_normal.mcu)
 10059a0  10059a0        0     1                 $t.0
 10059a1  10059a1       2a     1                 Mcu_Hw_Cmu_Start
 10059cb  10059cb       36     1                 Mcu_Hw_Cmu_Stop
 1005a01  1005a01       46     1                 Mcu_Hw_Cmu_StoreStop
 1005a47  1005a47       3a     1                 Mcu_Hw_Cmu_LoadStart
 1005a80  1005a80      10e     2         ./src/bsp/drivers/Mcu_TS_TTA8M1I1P0/src/Mcu_Hw_Misc.o:(.mcal_text_normal.mcu)
 1005a80  1005a80        0     1                 $t.0
 1005a81  1005a81       66     1                 Mcu_Hw_Misc_LocalResetModules
 1005ae7  1005ae7       24     1                 Mcu_Hw_Misc_PerformReset
 1005b0b  1005b0b       84     1                 Mcu_Hw_Misc_FcuTimingConfig
 1005b8e  1005b8e      50a     2         ./src/bsp/drivers/Mcu_TS_TTA8M1I1P0/src/Mcu_Hw_Pmu.o:(.mcal_text_normal.mcu)
 1005b8e  1005b8e        0     1                 $t.0
 1005b8f  1005b8f       20     1                 Mcu_Hw_Pmu_GetUserValue
 1005baf  1005baf       20     1                 Mcu_Hw_Pmu_SetUserValue
 1005bcf  1005bcf       12     1                 Mcu_Hw_Pmu_LocalReset
 1005be1  1005be1       34     1                 Mcu_Hw_Pmu_ConfigNmi
 1005c15  1005c15      126     1                 Mcu_Hw_Pmu_ConfigGpio
 1005d3b  1005d3b       14     1                 Mcu_Hw_Pmu_GetResetRawValue
 1005d4f  1005d4f       26     1                 Mcu_Hw_Pmu_GetResetReason
 1005d75  1005d75       34     1                 Mcu_Hw_Pmu_EnterStandby
 1005da9  1005da9      13c     1                 Mcu_Hw_Pmu_EnterSleep
 1005ee5  1005ee5       f0     1                 Mcu_Hw_Pmu_ConfigMode
 1005fd5  1005fd5       30     1                 Mcu_Hw_Pmu_PriConfigHsmDown
 1006005  1006005       10     1                 Mcu_Hw_Pmu_SetCallBack
 1006015  1006015       40     1                 Mcu_Hw_Pmu_SetHsmCipPowerDown
 1006055  1006055       44     1                 Mcu_Hw_Pmu_GetHsmCipPowerDown
 1006098  1006098      8cc     4         ./src/bsp/drivers/Mcu_TS_TTA8M1I1P0/src/Mcu_Hw_Ppu.o:(.mcal_text_normal.mcu)
 1006098  1006098        0     1                 $t.0
 1006099  1006099      192     1                 Mcu_Hw_Ppu_DisAccessControl
 1006138  1006138        0     1                 $d.1
 100613e  100613e        0     1                 $t.2
 100622d  100622d      18a     1                 Mcu_Hw_Ppu_EnAccessControl
 10062c8  10062c8        0     1                 $d.3
 10062ce  10062ce        0     1                 $t.4
 10063b7  10063b7       de     1                 Mcu_Hw_Ppu_DisUserAccess
 1006495  1006495       a0     1                 Mcu_Hw_Ppu_PriDisUserAccessAhb
 1006535  1006535      18e     1                 Mcu_Hw_Ppu_EnUserAccess
 10065a6  10065a6        0     1                 $d.5
 10065ac  10065ac        0     1                 $t.6
 10066c3  10066c3       82     1                 Mcu_Hw_Ppu_Config
 1006745  1006745       ee     1                 Mcu_Hw_Ppu_GetErrStatus
 10067cc  10067cc        0     1                 $d.7
 10067d2  10067d2        0     1                 $t.8
 1006833  1006833       b8     1                 Mcu_Hw_Ppu_ClearErrStatus
 10068eb  10068eb       7a     1                 Mcu_Hw_Ppu_PriClearAhbErrStatus
 1006964  1006964       4e     2         ./src/bsp/drivers/Mcu_TS_TTA8M1I1P0/src/Mcu_Hw_Rtc.o:(.mcal_text_normal.mcu)
 1006964  1006964        0     1                 $t.1
 1006965  1006965       28     1                 Mcu_Hw_Rtc_Start
 100698d  100698d       16     1                 Mcu_Hw_Rtc_GetState
 10069a3  10069a3       10     1                 Mcu_Hw_Rtc_Clear
 10069b2  10069b2      2ca     2         ./src/bsp/drivers/Gpt_TS_TTA8M1I1P0/src/Gpt.o:(.mcal_text_normal.gpt)
 10069b2  10069b2        0     1                 $t.2
 10069b3  10069b3      122     1                 Gpt_StartTimer
 1006ad5  1006ad5       98     1                 Gpt_StopTimer
 1006b6d  1006b6d       88     1                 Gpt_EnableNotification
 1006bf5  1006bf5       88     1                 Gpt_DisableNotification
 1006c7c  1006c7c       ae     2         ./src/bsp/drivers/Gpt_TS_TTA8M1I1P0/src/Gpt_Hw.o:(.mcal_text_normal.gpt)
 1006c7c  1006c7c        0     1                 $t.1
 1006c7d  1006c7d       4e     1                 Gpt_Hw_StartTimer
 1006ccb  1006ccb       30     1                 Gpt_Hw_StopTimer
 1006cfb  1006cfb       1a     1                 Gpt_Hw_StopFtmModuleTimer
 1006d15  1006d15       16     1                 Gpt_Hw_ClearOverflowIrqFlag
 1006d2a  1006d2a      4ce     2         ./src/bsp/drivers/Can_TS_TTA8M1I1P0/src/Can_Drv.o:(.mcal_text_normal.can)
 1006d2a  1006d2a        0     1                 $t.1
 1006d2b  1006d2b      130     1                 Can_Drv_SetControllerToStartMode
 1006e5b  1006e5b       fc     1                 Can_Drv_SetControllerToStopMode
 1006f57  1006f57       9c     1                 Can_Drv_DisableControllerInterrupts
 1006ff3  1006ff3       a2     1                 Can_Drv_EnableControllerInterrupts
 1007095  1007095       4a     1                 Can_Drv_CheckWakeup
 10070df  10070df       4a     1                 Can_Drv_GetControllerErrorState
 1007129  1007129       38     1                 Can_Drv_GetControllerTxErrorCounter
 1007161  1007161       38     1                 Can_Drv_GetControllerRxErrorCounter
 1007199  1007199       60     1                 Can_Drv_MainFunction_Mode
 10071f8  10071f8     11e6     4         ./src/bsp/drivers/Can_TS_TTA8M1I1P0/src/Can_Hw.o:(.mcal_text_normal.can)
 10071f8  10071f8        0     1                 $t.0
 10071f9  10071f9       42     1                 Can_Hw_SetIpUserMode
 100723b  100723b       42     1                 Can_Hw_SetIpPrivilegeMode
 100727d  100727d       40     1                 FlexCAN_SetEnhancedNominalTimeSegments
 10072bd  10072bd       4c     1                 FlexCAN_SetEnhancedDataTimeSegments
 1007309  1007309       40     1                 FlexCAN_SetExtendedTimeSegments
 1007349  1007349       52     1                 FlexCAN_SetFDTimeSegments
 100739b  100739b       3a     1                 FlexCAN_SetTimeSegments
 10073d5  10073d5       3e     1                 Can_Hw_PriSetOperationMode
 1007413  1007413       b6     1                 Can_Hw_PriSetRxMsgBuff
 10074c9  10074c9      206     1                 Can_Hw_ConfigRxFifo_Privileged
 100752e  100752e        0     1                 $d.3
 1007532  1007532        0     1                 $t.4
 10076cf  10076cf      160     1                 Can_Hw_ConfigEnhancedRxFifo_Privileged
 100782f  100782f       22     1                 Can_Hw_GetErrorStatus
 1007851  1007851       22     1                 Can_Hw_GetControllerTxErrCounter
 1007873  1007873       24     1                 Can_Hw_GetControllerRxErrCounter
 1007897  1007897       58     1                 Can_Hw_SetRxMbGlbMask_Privileged
 10078ef  10078ef       16     1                 Can_Hw_EnterFrzMode_Privileged
 1007905  1007905       30     1                 Can_Hw_PriEnterFreezeMode
 1007935  1007935       2e     1                 Can_Hw_ExitFreezeMode_Privileged
 1007963  1007963       6e     1                 Can_Hw_SetRxIndMask_Privileged
 10079d1  10079d1       58     1                 Can_Hw_SetRxFifoGlMsk_Privileged
 1007a29  1007a29       3e     1                 Can_Hw_MainFuncBusOff_Privileged
 1007a67  1007a67       2c     1                 Can_Hw_GetStartMode_Privileged
 1007a93  1007a93       36     1                 Can_Hw_SetStartMode_Privileged
 1007ac9  1007ac9       38     1                 Can_Hw_SetStopMode_Privileged
 1007b01  1007b01      124     1                 Can_Hw_SetBitrate_Privileged
 1007c25  1007c25      120     1                 Can_Hw_SetBitrateFD_Privileged
 1007d45  1007d45       9e     1                 Can_Hw_SetTDCOffset_Privileged
 1007de3  1007de3       5e     1                 Can_Hw_SetTxArbDelay_Privileged
 1007e41  1007e41       8c     1                 Can_Hw_EnInterrupts_Privileged
 1007ecd  1007ecd       64     1                 Can_Hw_DisInterrupts_Privileged
 1007f31  1007f31       c4     1                 Can_Hw_SetErrorInt_Privileged
 1007f64  1007f64        0     1                 $d.5
 1007f6a  1007f6a        0     1                 $t.6
 1007ff5  1007ff5       62     1                 Can_Hw_PriSetErrIntCmd
 1008057  1008057      218     1                 Can_Hw_AbortTransfer
 100826f  100826f       58     1                 Can_Hw_SetRxMb14Mask_Privileged
 10082c7  10082c7       58     1                 Can_Hw_SetRxMb15Mask_Privileged
 100831f  100831f       62     1                 Can_Hw_SetLisOnlyMode_Privileged
 1008381  1008381       5e     1                 Can_Hw_CfgTimeStamp_Privileged
 10083de  10083de      1b0     2         ./src/bsp/drivers/Base_TS_TTA8M1I1P0/src/Base_Drv.o:(.mcal_text_normal.base)
 10083de  10083de        0     1                 $t.1
 10083df  10083df       3a     1                 Base_Drv_Timer_GetCounter
 1008419  1008419       3a     1                 Base_Drv_Timer_GetElapsed
 1008453  1008453       4a     1                 Base_Drv_Timer_MicrosToTicks
 100849d  100849d       86     1                 Base_Drv_Usdelay
 1008523  1008523       40     1                 Base_Drv_Msdelay
 1008563  1008563       20     1                 Base_Drv_UnlockProtReg
 1008583  1008583        c     1                 Base_Drv_LockProtReg
 100858e  100858e       52     2         ./src/bsp/drivers/Base_TS_TTA8M1I1P0/src/Base_Hw.o:(.mcal_text_normal.base)
 100858e  100858e        0     1                 $t.1
 100858f  100858f       1a     1                 Base_Hw_Timer_GetCounter
 10085a9  10085a9       38     1                 Base_Hw_Timer_GetElapsed
 10085e0  10085e0      a24     2         ./src/bsp/drivers/Adc_TS_TTA8M1I1P0/src/Adc_Drv.o:(.mcal_text_normal.adc)
 10085e0  10085e0        0     1                 $t.1
 10085e1  10085e1       8c     1                 Adc_Drv_ChannelConfig
 100866d  100866d       88     1                 Adc_Drv_StartConversion
 10086f5  10086f5       72     1                 Adc_Drv_GetGlobalState
 1008767  1008767       72     1                 Adc_Drv_GetCurrentState
 10087d9  10087d9       88     1                 Adc_Drv_GetChannelState
 1008861  1008861       88     1                 Adc_Drv_GetValue
 10088e9  10088e9       88     1                 Adc_Drv_SetDmaBuffer
 1008971  1008971       88     1                 Adc_Drv_SetDmaIncraddr
 10089f9  10089f9       72     1                 Adc_Drv_StopConversion
 1008a6b  1008a6b       88     1                 Adc_Drv_ClearGlobalState
 1008af3  1008af3       88     1                 Adc_Drv_EnableHwTrig
 1008b7b  1008b7b       88     1                 Adc_Drv_DisableHwTrig
 1008c03  1008c03       72     1                 Adc_Drv_SetSequence
 1008c75  1008c75       88     1                 Adc_Drv_SetCTrigger
 1008cfd  1008cfd       88     1                 Adc_Drv_SetDmaTransCount
 1008d85  1008d85       88     1                 Adc_Drv_SetTrigger
 1008e0d  1008e0d       88     1                 Adc_Drv_SetReadyIntEn
 1008e95  1008e95       88     1                 Adc_Drv_SetPriority
 1008f1d  1008f1d       88     1                 Adc_Drv_SetDmaEn
 1008fa5  1008fa5       60     1                 Adc_Drv_ClearGlobalStateInMask
 1009004  1009004      6ea     2         ./src/bsp/drivers/Adc_TS_TTA8M1I1P0/src/Adc_Hw.o:(.mcal_text_normal.adc)
 1009004  1009004        0     1                 $t.0
 1009005  1009005       e4     1                 Adc_Hw_CommonInit
 10090e9  10090e9       b4     1                 Adc_Hw_AdcxConfig
 100919d  100919d       56     1                 Adc_Hw_AdcxDisable
 10091f3  10091f3      168     1                 Adc_Hw_ChannelConfig
 100935b  100935b       2c     1                 Adc_Hw_StartConvert
 1009387  1009387       38     1                 Adc_Hw_StopConversion
 10093bf  10093bf       30     1                 Adc_Hw_SetDmaBuff
 10093ef  10093ef       3a     1                 Adc_Hw_SetDmaTransCount
 1009429  1009429       4a     1                 Adc_Hw_SetTrigger
 1009473  1009473       3a     1                 Adc_Hw_SetReadyIntEn
 10094ad  10094ad       3a     1                 Adc_Hw_Set_DmaIncraddr
 10094e7  10094e7       18     1                 Adc_Hw_GetGlobalState
 10094ff  10094ff       18     1                 Adc_Hw_GetCurrentState
 1009517  1009517       2e     1                 Adc_Hw_GetChannelState
 1009545  1009545       30     1                 Adc_Hw_ClearGlobalState
 1009575  1009575       2e     1                 Adc_Hw_GetValue
 10095a3  10095a3       3e     1                 Adc_Hw_EnableHwTrig
 10095e1  10095e1       3e     1                 Adc_Hw_DisableHwTrig
 100961f  100961f       1a     1                 Adc_Hw_SetSquence
 1009639  1009639       40     1                 Adc_Hw_SetCTrigger
 1009679  1009679       3c     1                 Adc_Hw_SetCPriority
 10096b5  10096b5       3a     1                 Adc_Hw_SetDmaEn
 10096f0  10096f0       28     4         <internal>:(.text.thunk)
 1009718  1009718        0     1         . = ALIGN ( 4 )
 1009718  1009718       fe     2         ./src/bsp/drivers/Uart_TS_TTA8M1I1P0/src/Uart_Drv.o:(.mcal_text_slow.uart)
 1009718  1009718        0     1                 $t.0
 1009719  1009719       3c     1                 Uart_Drv_Init
 1009755  1009755       2c     1                 Uart_Drv_DeInit
 1009781  1009781       4e     1                 Uart_Drv_GetErrorStatus
 10097cf  10097cf       48     1                 Uart_Drv_SetBaudrate
 1009816  1009816        8     2         ./src/bsp/drivers/Uart_TS_TTA8M1I1P0/src/Uart_Hal.o:(.mcal_text_slow.uart)
 1009816  1009816        0     1                 $t.0
 1009817  1009817        4     1                 Uart_Hal_Init
 100981b  100981b        4     1                 Uart_Hal_DeInit
 1009820  1009820      748     4         ./src/bsp/drivers/Uart_TS_TTA8M1I1P0/src/Uart_Hw.o:(.mcal_text_slow.uart)
 1009820  1009820        0     1                 $t.0
 1009821  1009821      3d2     1                 Uart_Hw_Init
 1009996  1009996        0     1                 $d.1
 100999a  100999a        0     1                 $t.2
 1009a06  1009a06        0     1                 $d.3
 1009a0c  1009a0c        0     1                 $t.4
 1009a90  1009a90        0     1                 $d.5
 1009a96  1009a96        0     1                 $t.6
 1009bf3  1009bf3       e4     1                 Uart_Hw_DeInit
 1009cd7  1009cd7       e8     1                 Uart_Hw_GetErrorStatus
 1009dbf  1009dbf       be     1                 Uart_Hw_SetBaudrate
 1009e7d  1009e7d       74     1                 Uart_Hw_PriDmaTx0
 1009ef1  1009ef1       78     1                 Uart_Hw_PriDmaRx0
 1009f68  1009f68       4e     2         ./src/bsp/drivers/Port_TS_TTA8M1I1P0/src/Port_Drv.o:(.mcal_text_slow.port)
 1009f68  1009f68        0     1                 $t.0
 1009f69  1009f69       4e     1                 Port_Drv_Init
 1009fb6  1009fb6       76     2         ./src/bsp/drivers/Port_TS_TTA8M1I1P0/src/Port_Hw.o:(.mcal_text_slow.port)
 1009fb6  1009fb6        0     1                 $t.0
 1009fb7  1009fb7       76     1                 Port_Hw_Init
 100a02c  100a02c       5a     2         ./src/bsp/drivers/Platform_TS_TTA8M1I1P0/src/Platform_Drv.o:(.mcal_text_slow.platform)
 100a02c  100a02c        0     1                 $t.0
 100a02d  100a02d       1e     1                 Platform_Drv_Init
 100a04b  100a04b       14     1                 Platform_Drv_IntCtrl_Init
 100a05f  100a05f       14     1                 Platform_Drv_Mpu_Init
 100a073  100a073       14     1                 Platform_Drv_Mpu_Deinit
 100a086  100a086       c2     2         ./src/bsp/drivers/Platform_TS_TTA8M1I1P0/src/Platform_Hw_IntCtrl.o:(.mcal_text_slow.platform)
 100a086  100a086        0     1                 $t.0
 100a087  100a087       c2     1                 Platform_Hw_IntCtrl_Init
 100a148  100a148      102     2         ./src/bsp/drivers/Platform_TS_TTA8M1I1P0/src/Platform_Hw_Mpu.o:(.mcal_text_slow.platform)
 100a148  100a148        0     1                 $t.0
 100a149  100a149       c2     1                 Platform_Hw_Mpu_Init
 100a20b  100a20b       40     1                 Platform_Hw_Mpu_Deinit
 100a24c  100a24c      1ee     4         ./src/bsp/drivers/Mcu_TS_TTA8M1I1P0/src/Mcu.o:(.mcal_text_slow.mcu)
 100a24c  100a24c        0     1                 $t.0
 100a24d  100a24d       4e     1                 Mcu_Init
 100a29d  100a29d       c2     1                 Mcu_InitRamSection
 100a2da  100a2da        0     1                 $d.1
 100a2e2  100a2e2        0     1                 $t.2
 100a35f  100a35f       42     1                 Mcu_InitClock
 100a3a1  100a3a1       9a     1                 Mcu_DistributePllClock
 100a43a  100a43a       84     2         ./src/bsp/drivers/Mcu_TS_TTA8M1I1P0/src/Mcu_Drv.o:(.mcal_text_slow.mcu)
 100a43a  100a43a        0     1                 $t.0
 100a43b  100a43b       2c     1                 Mcu_Drv_Cmu_Init
 100a467  100a467       2c     1                 Mcu_Drv_Rtc_Init
 100a493  100a493       2c     1                 Mcu_Drv_Clk_Init
 100a4be  100a4be      144     2         ./src/bsp/drivers/Mcu_TS_TTA8M1I1P0/src/Mcu_Hw_Clk.o:(.mcal_text_slow.mcu)
 100a4be  100a4be        0     1                 $t.3
 100a4bf  100a4bf      144     1                 Mcu_Hw_Clk_Init
 100a602  100a602       50     2         ./src/bsp/drivers/Mcu_TS_TTA8M1I1P0/src/Mcu_Hw_Cmu.o:(.mcal_text_slow.mcu)
 100a602  100a602        0     1                 $t.1
 100a603  100a603       50     1                 Mcu_Hw_Cmu_Init
 100a652  100a652       42     2         ./src/bsp/drivers/Mcu_TS_TTA8M1I1P0/src/Mcu_Hw_Rtc.o:(.mcal_text_slow.mcu)
 100a652  100a652        0     1                 $t.0
 100a653  100a653       42     1                 Mcu_Hw_Rtc_Init
 100a694  100a694      532     2         ./src/bsp/drivers/Gtm_TS_TTA8M1I1P0/src/Gtm_Drv.o:(.mcal_text_slow.gtm)
 100a694  100a694        0     1                 $t.0
 100a695  100a695       98     1                 Gtm_Drv_Init
 100a72d  100a72d       72     1                 Gtm_Drv_DeInit
 100a79f  100a79f       38     1                 Gtm_Drv_CmuStart
 100a7d7  100a7d7       38     1                 Gtm_Drv_CmuStop
 100a80f  100a80f       26     1                 Gtm_Drv_CmuGetClock
 100a835  100a835       36     1                 Gtm_Drv_CmuSetClock
 100a86b  100a86b        4     1                 Gtm_Drv_TbuStart
 100a86f  100a86f        4     1                 Gtm_Drv_TbuStop
 100a873  100a873        4     1                 Gtm_Drv_TbuStartChannel
 100a877  100a877        4     1                 Gtm_Drv_TbuStopChannel
 100a87b  100a87b        4     1                 Gtm_Drv_TbuSetClockChannel
 100a87f  100a87f        4     1                 Gtm_Drv_TbuGetClockChannel
 100a883  100a883        4     1                 Gtm_Drv_TbuSetTimeBaseChannel
 100a887  100a887        4     1                 Gtm_Drv_TbuGetTimeBaseChannel
 100a88b  100a88b        4     1                 Gtm_Drv_TbuSetLowResChannel_0
 100a88f  100a88f        4     1                 Gtm_Drv_TbuGetLowResChannel_0
 100a893  100a893        4     1                 Gtm_Drv_TbuSetRunningModeChannel_12
 100a897  100a897        4     1                 Gtm_Drv_TbuGetRunningModeChannel_12
 100a89b  100a89b       4e     1                 Gtm_Drv_TomChanelEnable
 100a8e9  100a8e9       4e     1                 Gtm_Drv_TomChanelDisable
 100a937  100a937       26     1                 Gtm_Drv_TomSetHostTrigger
 100a95d  100a95d       26     1                 Gtm_Drv_TomSetUpdateCtrl
 100a983  100a983       26     1                 Gtm_Drv_TomSetCounterCn0
 100a9a9  100a9a9       26     1                 Gtm_Drv_TomGetCounterCn0
 100a9cf  100a9cf       26     1                 Gtm_Drv_TomSetCounterCm0
 100a9f5  100a9f5       26     1                 Gtm_Drv_TomGetCounterCm0
 100aa1b  100aa1b       26     1                 Gtm_Drv_TomSetCounterCm1
 100aa41  100aa41       26     1                 Gtm_Drv_TomGetCounterCm1
 100aa67  100aa67       26     1                 Gtm_Drv_TomSetCounterSr0
 100aa8d  100aa8d       26     1                 Gtm_Drv_TomGetCounterSr0
 100aab3  100aab3       26     1                 Gtm_Drv_TomSetCounterSr1
 100aad9  100aad9       26     1                 Gtm_Drv_TomGetCounterSr1
 100aaff  100aaff       40     1                 Gtm_Drv_TomSetInt
 100ab3f  100ab3f        4     1                 Gtm_Drv_TimStartMeasure
 100ab43  100ab43        4     1                 Gtm_Drv_TimStopMeasure
 100ab47  100ab47        4     1                 Gtm_Drv_TimGetStatusFlags
 100ab4b  100ab4b        4     1                 Gtm_Drv_TimClearStatusFlag
 100ab4f  100ab4f        4     1                 Gtm_Drv_TimSetValue
 100ab53  100ab53        4     1                 Gtm_Drv_TimSetInt
 100ab57  100ab57        4     1                 Gtm_Drv_DtmStart
 100ab5b  100ab5b        4     1                 Gtm_Drv_DtmStop
 100ab5f  100ab5f        4     1                 Gtm_Drv_DtmSetDeadTime
 100ab63  100ab63       26     1                 Gtm_Drv_SetMonitorClsClock
 100ab89  100ab89       26     1                 Gtm_Drv_SetMonitorTimInput
 100abaf  100abaf       18     1                 Gtm_Drv_GetVersionInfo
 100abc8  100abc8      8a6     8         ./src/bsp/drivers/Gtm_TS_TTA8M1I1P0/src/Gtm_Hw_Cmu.o:(.mcal_text_slow.gtm)
 100abc8  100abc8        0     1                 $t.0
 100abc9  100abc9      17c     1                 Gtm_Hw_Arch_Cmu_Init
 100ad45  100ad45       1e     1                 Gtm_Hw_Cmu_DeInit
 100ad63  100ad63       12     1                 Gtm_Hw_Cmu_Start
 100ad75  100ad75       14     1                 Gtm_Hw_Cmu_Stop
 100ad89  100ad89      188     1                 Gtm_Hw_Cmu_GetClock
 100ada0  100ada0        0     1                 $d.1
 100ada6  100ada6        0     1                 $t.2
 100add6  100add6        0     1                 $d.3
 100addc  100addc        0     1                 $t.4
 100af00  100af00        0     1                 $d.5
 100af10  100af10        0     1                 $t.6
 100af11  100af11       68     1                 Gtm_Hw_Cmu_PriGetClusterClk
 100af70  100af70        0     1                 $d.7
 100af78  100af78        0     1                 $t.8
 100af79  100af79       68     1                 Gtm_Hw_Cmu_PriGetClk
 100afd8  100afd8        0     1                 $d.9
 100afe0  100afe0        0     1                 $t.10
 100afe1  100afe1       a0     1                 Gtm_Hw_Cmu_PriGetCfguClock
 100b070  100b070        0     1                 $d.11
 100b080  100b080        0     1                 $t.12
 100b081  100b081      390     1                 Gtm_Hw_Cmu_SetClock
 100b09e  100b09e        0     1                 $d.13
 100b0a4  100b0a4        0     1                 $t.14
 100b0f0  100b0f0        0     1                 $d.15
 100b0f6  100b0f6        0     1                 $t.16
 100b400  100b400        0     1                 $d.17
 100b410  100b410        0     1                 $t.18
 100b411  100b411       5e     1                 Gtm_Hw_Cmu_SetClsClockMonitor
 100b428  100b428        0     1                 $d.19
 100b42c  100b42c        0     1                 $t.20
 100b46e  100b46e       66     2         ./src/bsp/drivers/Gtm_TS_TTA8M1I1P0/src/Gtm_Hw_Tim.o:(.mcal_text_slow.gtm)
 100b46e  100b46e        0     1                 $t.0
 100b46f  100b46f        4     1                 Gtm_Hw_Tim_Configure
 100b473  100b473        4     1                 Gtm_Hw_Tim_DeInit
 100b477  100b477        4     1                 Gtm_Hw_Tim_StartMeasure
 100b47b  100b47b        4     1                 Gtm_Hw_Tim_StopMeasure
 100b47f  100b47f        4     1                 Gtm_Hw_Tim_GetStatusFlags
 100b483  100b483        4     1                 Gtm_Hw_Tim_ClearStatusFlag
 100b487  100b487        4     1                 Gtm_Hw_Tim_SetTimValx
 100b48b  100b48b       46     1                 Gtm_Hw_Tim_SetInput
 100b4d1  100b4d1        4     1                 Gtm_Hw_Tim_SetTimInt
 100b4d4  100b4d4      8b0     2         ./src/bsp/drivers/Gtm_TS_TTA8M1I1P0/src/Gtm_Hw_Tom.o:(.mcal_text_slow.gtm)
 100b4d4  100b4d4        0     1                 $t.0
 100b4d5  100b4d5      3d6     1                 Gtm_Hw_Tom_Configure
 100b8ab  100b8ab       46     1                 Gtm_Hw_Tom_DeInit
 100b8f1  100b8f1       b8     1                 Gtm_Hw_Tom_ChanelEnable
 100b9a9  100b9a9       b8     1                 Gtm_Hw_Tom_ChanelDisable
 100ba61  100ba61       2c     1                 Gtm_Hw_Tom_SetHostTrigger
 100ba8d  100ba8d       5c     1                 Gtm_Hw_Tom_SetUpdateCtrl
 100bae9  100bae9       38     1                 Gtm_Hw_Tom_SetCounterCn0
 100bb21  100bb21       40     1                 Gtm_Hw_Tom_GetCounterCn0
 100bb61  100bb61       38     1                 Gtm_Hw_Tom_SetCounterCm0
 100bb99  100bb99       40     1                 Gtm_Hw_Tom_GetCounterCm0
 100bbd9  100bbd9       38     1                 Gtm_Hw_Tom_SetCounterCm1
 100bc11  100bc11       40     1                 Gtm_Hw_Tom_GetCounterCm1
 100bc51  100bc51       38     1                 Gtm_Hw_Tom_SetCounterSr0
 100bc89  100bc89       40     1                 Gtm_Hw_Tom_GetCounterSr0
 100bcc9  100bcc9       38     1                 Gtm_Hw_Tom_SetCounterSr1
 100bd01  100bd01       3e     1                 Gtm_Hw_Tom_GetCounterSr1
 100bd3f  100bd3f        4     1                 Gtm_Hw_Tom_SetAllTrigerIn
 100bd43  100bd43       42     1                 Gtm_Hw_Tom_SetTomInt
 100bd84  100bd84      1a6     2         ./src/bsp/drivers/Gpt_TS_TTA8M1I1P0/src/Gpt.o:(.mcal_text_slow.gpt)
 100bd84  100bd84        0     1                 $t.0
 100bd85  100bd85       48     1                 Gpt_GetVersionInfo
 100bdcd  100bdcd       b8     1                 Gpt_Init
 100be85  100be85       a6     1                 Gpt_DeInit
 100bf2a  100bf2a      10a     2         ./src/bsp/drivers/Gpt_TS_TTA8M1I1P0/src/Gpt_Hw.o:(.mcal_text_slow.gpt)
 100bf2a  100bf2a        0     1                 $t.0
 100bf2b  100bf2b       70     1                 Gpt_Hw_Init
 100bf9b  100bf9b       46     1                 Gpt_Hw_PredefTimerInit
 100bfe1  100bfe1       2a     1                 Gpt_Hw_DeInit
 100c00b  100c00b       2a     1                 Gpt_Hw_PredefTimerDeInit
 100c034  100c034       d6     4         ./src/bsp/drivers/Dio_TS_TTA8M1I1P0/src/Dio_Hw_Irq.o:(.mcal_text_slow.dio)
 100c034  100c034        0     1                 $t.0
 100c035  100c035       98     1                 Dio_Hw_Interrupt_Init
 100c070  100c070        0     1                 $d.1
 100c074  100c074        0     1                 $t.2
 100c0cd  100c0cd       3e     1                 Dio_Hw_Interrupt_DeInit
 100c10a  100c10a      492     2         ./src/bsp/drivers/Can_TS_TTA8M1I1P0/src/Can_Drv.o:(.mcal_text_slow.can)
 100c10a  100c10a        0     1                 $t.0
 100c10b  100c10b      1bc     1                 Can_Drv_Init
 100c2c7  100c2c7       88     1                 Can_Drv_DeInit
 100c34f  100c34f      24e     1                 Can_Drv_PriInitRx
 100c59c  100c59c      870     2         ./src/bsp/drivers/Can_TS_TTA8M1I1P0/src/Can_Hw.o:(.mcal_text_slow.can)
 100c59c  100c59c        0     1                 $t.1
 100c59d  100c59d      380     1                 Can_Hw_Init_Privileged
 100c91d  100c91d       ea     1                 Can_Hw_ConfigRxMb
 100ca07  100ca07       54     1                 Can_Hw_Deinit_Privileged
 100ca5b  100ca5b       6e     1                 Can_Hw_SetRxMaskType_Privileged
 100cac9  100cac9       a8     1                 Can_Hw_SetPriority
 100cb71  100cb71      29c     1                 Can_Hw_PriInitCtroll
 100ce0c  100ce0c       94     2         ./src/bsp/drivers/Base_TS_TTA8M1I1P0/src/Base_Drv.o:(.mcal_text_slow.base)
 100ce0c  100ce0c        0     1                 $t.0
 100ce0d  100ce0d       6e     1                 Base_Drv_Init
 100ce7b  100ce7b       26     1                 Base_Drv_Uninit
 100cea0  100cea0       1e     2         ./src/bsp/drivers/Base_TS_TTA8M1I1P0/src/Base_Hw.o:(.mcal_text_slow.base)
 100cea0  100cea0        0     1                 $t.0
 100cea1  100cea1       1e     1                 Base_Hw_Init
 100cebe  100cebe      1c0     2         ./src/bsp/drivers/Adc_TS_TTA8M1I1P0/src/Adc_Drv.o:(.mcal_text_slow.adc)
 100cebe  100cebe        0     1                 $t.0
 100cebf  100cebf      10e     1                 Adc_Drv_Init
 100cfcd  100cfcd       78     1                 Adc_Drv_DeInit
 100d045  100d045       3a     1                 Adc_Drv_GetVersionInfo
 100d080  100d080       1e     4         <internal>:(.text.thunk)
 100d09e  100d09e        2     1         . = ALIGN ( 4 )
 100d0a0  100d0a0        0     1         . = ALIGN ( 4 )
 100d0a0  100d0a0      33c     8         D:\software\TTstudio\EclipseIDE-master\toolchain\LLVMEmbeddedToolchainForArm-17.0.1-Windows-x86_64\bin\..\lib\clang-runtimes/arm-none-eabi/armv7em_hard_fpv5_d16\lib\libc.a(libc_tinystdio_ryu_table.c.o):(.rodata)
 100d0a0  100d0a0       d0     1                 DOUBLE_POW5_SPLIT2
 100d170  100d170       d0     1                 DOUBLE_POW5_TABLE
 100d240  100d240       54     1                 POW5_OFFSETS
 100d298  100d298       f0     1                 DOUBLE_POW5_INV_SPLIT2
 100d388  100d388       54     1                 POW5_INV_OFFSETS
 100d3dc  100d3dc      3f8     1         <internal>:(.rodata.str1.1)
 100d7d4  100d7d4       14     4         ./src/bsp/generate/src/Gtm_Drv_PBcfg.o:(.rodata.GtmConfigData)
 100d7d4  100d7d4       14     1                 GtmConfigData
 100d7e8  100d7e8       10     4         <internal>:(.rodata.cst16)
 100d7f8  100d7f8       40     4         <internal>:(.rodata.cst32)
 100d838  100d838       14     4         ./src/bsp/drivers/Dio_TS_TTA8M1I1P0/src/Dio_Hw.o:(.rodata.DioHwReg)
 100d838  100d838       14     1                 DioHwReg
 100d84c  100d84c       14     4         ./src/bsp/drivers/Dio_TS_TTA8M1I1P0/src/Dio_Hw_Irq.o:(.rodata.DioIrqHwReg)
 100d84c  100d84c       14     1                 DioIrqHwReg
 100d860  100d860       41     1         ./src/bsp/drivers/Can_TS_TTA8M1I1P0/src/Can_Hw.o:(.rodata..L__const.Can_Hw_PriComputeDLCValue.payload_code)
 100d860  100d860       41     1                 .L__const.Can_Hw_PriComputeDLCValue.payload_code
 100d8a4  100d8a4       1c     4         ./src/bsp/drivers/Can_TS_TTA8M1I1P0/src/Can_Hw.o:(.rodata..Lswitch.table.Can_Hw_SetIpPrivilegeMode)
 100d8a4  100d8a4       1c     1                 .Lswitch.table.Can_Hw_SetIpPrivilegeMode
 100d8c0  100d8c0        7     1         ./src/bsp/drivers/Can_TS_TTA8M1I1P0/src/Can_Hw.o:(.rodata..Lswitch.table.Can_Hw_PriGetMsgBuff)
 100d8c0  100d8c0        7     1                 .Lswitch.table.Can_Hw_PriGetMsgBuff
 100d8c8  100d8c8       14     4         ./src/kinematics.o:(.rodata..Lswitch.table.kinematics_create)
 100d8c8  100d8c8       14     1                 .Lswitch.table.kinematics_create
 100d8dc  100d8dc        0     1         . = ALIGN ( 4 )
 100d8dc  100d8dc        0     1         . = ALIGN ( 4 )
 100d8dc  100d8dc        0     1         . = ALIGN ( 4 )
 100d8dc  100d8dc        0     1         . = ALIGN ( 4 )
 100d8dc  100d8dc        0     1         . = ALIGN ( 4 )
 100d8dc  100d8dc        0     1         . = ALIGN ( 4 )
 100d8dc  100d8dc        8     1         <internal>:(.mcal_const_8.platform)
 100d8e4  100d8e4        0     1         . = ALIGN ( 4 )
 100d8e4  100d8e4        0     1         . = ALIGN ( 4 )
 100d8e4  100d8e4        0     1         . = ALIGN ( 4 )
 100d8e4  100d8e4       14     4         ./src/bsp/drivers/Port_TS_TTA8M1I1P0/src/Port_Hw.o:(.mcal_const_ptr.port)
 100d8e4  100d8e4       14     1                 DioHwReg
 100d8f8  100d8f8        0     1         . = ALIGN ( 4 )
 100d8f8  100d8f8       5c     4         ./src/bsp/generate/src/Uart_Drv_PBcfg.o:(.mcal_const_unspecified.uart)
 100d8f8  100d8f8       58     1                 UartCtrlCfg
 100d950  100d950        4     1                 UartConfigData
 100d954  100d954       18     4         ./src/bsp/drivers/Adc_TS_TTA8M1I1P0/src/Adc_Hw.o:(.mcal_const_unspecified.adc)
 100d954  100d954       18     1                 AdcHw_PubResource
 100d96c  100d96c        0     1         . = ALIGN ( 4 )
 100d96c  100d96c        0     1         . = ALIGN ( 4 )
 100d96c  100d96c        e     1         ./src/bsp/generate/src/Can_PBcfg.o:(.mcal_config_data_8.can)
 100d96c  100d96c        8     1                 Can_aCtrlOffsetToCtrlIDMap
 100d974  100d974        6     1                 Can_aHwObjIDToCtrlIDMap
 100d97a  100d97a        6     1         ./src/bsp/generate/src/Gpt_PBcfg.o:(.mcal_config_data_8.gpt)
 100d97a  100d97a        6     1                 GptFtmHardwareChannelMap
 100d980  100d980        0     1         . = ALIGN ( 4 )
 100d980  100d980        0     1         . = ALIGN ( 4 )
 100d980  100d980       30     4         ./src/bsp/generate/src/Can_PBcfg.o:(.mcal_config_data_32.can)
 100d980  100d980        8     1                 Can_aHwFilter_Object0
 100d988  100d988        8     1                 Can_au32HwBufferAddr_Ctrl0
 100d990  100d990        8     1                 Can_aHwFilter_Object1
 100d998  100d998        8     1                 Can_au32HwBufferAddr_Ctrl1
 100d9a0  100d9a0        8     1                 Can_aHwFilter_Object2
 100d9a8  100d9a8        8     1                 Can_au32HwBufferAddr_Ctrl2
 100d9b0  100d9b0        0     1         . = ALIGN ( 4 )
 100d9b0  100d9b0        0     1         . = ALIGN ( 4 )
 100d9b0  100d9b0      174     4         ./src/bsp/generate/src/Adc_Drv_PBcfg.o:(.mcal_config_data_unspecified.adc)
 100d9b0  100d9b0       10     1                 Adc_Drv_CommonConfigTypeData
 100d9c0  100d9c0       38     1                 Adc_Drv_HwConfigData
 100d9f8  100d9f8       b4     1                 Adc_Drv_ChannelConfigData
 100daac  100daac       10     1                 AdcDrvConfigData
 100dabc  100dabc       68     1                 Adc_Drv_FilterInfo
 100db24  100db24        c     4         ./src/bsp/generate/src/Can_Drv_PBcfg.o:(.mcal_config_data_unspecified.can)
 100db24  100db24        4     1                 CanIpwHwChannelConfig0
 100db28  100db28        4     1                 CanIpwHwChannelConfig1
 100db2c  100db2c        4     1                 CanIpwHwChannelConfig2
 100db30  100db30      144     4         ./src/bsp/generate/src/Can_Hw_PBcfg.o:(.mcal_config_data_unspecified.can)
 100db30  100db30      144     1                 Flexcan_aCtrlConfigPB
 100dc74  100dc74      21c     4         ./src/bsp/generate/src/Can_PBcfg.o:(.mcal_config_data_unspecified.can)
 100dc74  100dc74       c0     1                 Can_aHwObjectConfig
 100dd34  100dd34       12     1                 Can_aBaudrateConfig_Ctrl0
 100dd48  100dd48        8     1                 Can_apHwObject_Ctrl0
 100dd50  100dd50       12     1                 Can_aBaudrateConfig_Ctrl1
 100dd64  100dd64        8     1                 Can_apHwObject_Ctrl1
 100dd6c  100dd6c       12     1                 Can_aBaudrateConfig_Ctrl2
[...]
    4260     4260       24     4         D:\software\TTstudio\EclipseIDE-master\toolchain\LLVMEmbeddedToolchainForArm-17.0.1-Windows-x86_64\bin\..\lib\clang-runtimes/arm-none-eabi/armv7em_hard_fpv5_d16\lib\libc.a(libc_tinystdio_ryu_pow5bits.c.o):(.debug_frame)
    4284     4284       60     4         D:\software\TTstudio\EclipseIDE-master\toolchain\LLVMEmbeddedToolchainForArm-17.0.1-Windows-x86_64\bin\..\lib\clang-runtimes/arm-none-eabi/armv7em_hard_fpv5_d16\lib\libc.a(libc_tinystdio_ryu_umul128.c.o):(.debug_frame)
    42e4     42e4       24     4         D:\software\TTstudio\EclipseIDE-master\toolchain\LLVMEmbeddedToolchainForArm-17.0.1-Windows-x86_64\bin\..\lib\clang-runtimes/arm-none-eabi/armv7em_hard_fpv5_d16\lib\libc.a(aeabi_memset.c.o):(.debug_frame)
    4308     4308       24     4         D:\software\TTstudio\EclipseIDE-master\toolchain\LLVMEmbeddedToolchainForArm-17.0.1-Windows-x86_64\bin\..\lib\clang-runtimes/arm-none-eabi/armv7em_hard_fpv5_d16\lib\libc.a(bzero.c.o):(.debug_frame)
    432c     432c       24     4         D:\software\TTstudio\EclipseIDE-master\toolchain\LLVMEmbeddedToolchainForArm-17.0.1-Windows-x86_64\bin\..\lib\clang-runtimes/arm-none-eabi/armv7em_hard_fpv5_d16\lib\libc.a(memset.c.o):(.debug_frame)
       0        0    15d59     1 .debug_line
       0        0       6e     1         ./src/bsp/nano_stubs/exit.o:(.debug_line)
      6e       6e       b0     1         ./src/bsp/nano_stubs/sbrk.o:(.debug_line)
     11e      11e      111     1         ./src/bsp/nano_stubs/write.o:(.debug_line)
     22f      22f       b4     1         ./src/bsp/generate/src/Adc_Drv_PBcfg.o:(.debug_line)
     2e3      2e3       9f     1         ./src/bsp/generate/src/Can_Drv_PBcfg.o:(.debug_line)
     382      382       8a     1         ./src/bsp/generate/src/Can_Hw_PBcfg.o:(.debug_line)
     40c      40c       c9     1         ./src/bsp/generate/src/Can_PBcfg.o:(.debug_line)
     4d5      4d5       8a     1         ./src/bsp/generate/src/Dio_Drv_PBcfg.o:(.debug_line)
     55f      55f       9f     1         ./src/bsp/generate/src/Dma_Drv_PBcfg.o:(.debug_line)
     5fe      5fe       de     1         ./src/bsp/generate/src/Gpt_PBcfg.o:(.debug_line)
     6dc      6dc       f3     1         ./src/bsp/generate/src/Gtm_Drv_PBcfg.o:(.debug_line)
     7cf      7cf       8a     1         ./src/bsp/generate/src/I2c_Drv_PBcfg.o:(.debug_line)
     859      859       f3     1         ./src/bsp/generate/src/Mcu_PBcfg.o:(.debug_line)
     94c      94c       b4     1         ./src/bsp/generate/src/Platform_Drv_PBcfg.o:(.debug_line)
     a00      a00       8a     1         ./src/bsp/generate/src/Platform_IntCtrl_PBcfg.o:(.debug_line)
     a8a      a8a       9f     1         ./src/bsp/generate/src/Port_Drv_PBcfg.o:(.debug_line)
     b29      b29       8a     1         ./src/bsp/generate/src/Uart_Drv_PBcfg.o:(.debug_line)
     bb3      bb3      1cf     1         ./src/bsp/env/exceptions_m7.o:(.debug_line)
     d82      d82      15a     1         ./src/bsp/env/startup_init_data_m7.o:(.debug_line)
     edc      edc       5f     1         ./src/bsp/env/startup_m7.o:(.debug_line)
     f3b      f3b      357     1         ./src/bsp/env/system_m7.o:(.debug_line)
    1292     1292       42     1         ./src/bsp/env/vector_table_m7.o:(.debug_line)
    12d4     12d4      2f1     1         ./src/bsp/drivers/Uart_TS_TTA8M1I1P0/src/Uart_Drv.o:(.debug_line)
    15c5     15c5      150     1         ./src/bsp/drivers/Uart_TS_TTA8M1I1P0/src/Uart_Hal.o:(.debug_line)
    1715     1715      eea     1         ./src/bsp/drivers/Uart_TS_TTA8M1I1P0/src/Uart_Hw.o:(.debug_line)
    25ff     25ff      1c8     1         ./src/bsp/drivers/Port_TS_TTA8M1I1P0/src/Port_Drv.o:(.debug_line)
    27c7     27c7      6ca     1         ./src/bsp/drivers/Port_TS_TTA8M1I1P0/src/Port_Hw.o:(.debug_line)
    2e91     2e91      565     1         ./src/bsp/drivers/Platform_TS_TTA8M1I1P0/src/Platform_Drv.o:(.debug_line)
    33f6     33f6      4a4     1         ./src/bsp/drivers/Platform_TS_TTA8M1I1P0/src/Platform_Hw_Cache.o:(.debug_line)
    389a     389a      519     1         ./src/bsp/drivers/Platform_TS_TTA8M1I1P0/src/Platform_Hw_IntCtrl.o:(.debug_line)
    3db3     3db3      19e     1         ./src/bsp/drivers/Platform_TS_TTA8M1I1P0/src/Platform_Hw_Misc.o:(.debug_line)
    3f51     3f51      6a1     1         ./src/bsp/drivers/Platform_TS_TTA8M1I1P0/src/Platform_Hw_Mpu.o:(.debug_line)
    45f2     45f2      430     1         ./src/bsp/drivers/Mcu_TS_TTA8M1I1P0/src/Mcu.o:(.debug_line)
    4a22     4a22      6fe     1         ./src/bsp/drivers/Mcu_TS_TTA8M1I1P0/src/Mcu_Drv.o:(.debug_line)
    5120     5120      9d1     1         ./src/bsp/drivers/Mcu_TS_TTA8M1I1P0/src/Mcu_Hw_Clk.o:(.debug_line)
    5af1     5af1      25d     1         ./src/bsp/drivers/Mcu_TS_TTA8M1I1P0/src/Mcu_Hw_Cmu.o:(.debug_line)
    5d4e     5d4e      215     1         ./src/bsp/drivers/Mcu_TS_TTA8M1I1P0/src/Mcu_Hw_Misc.o:(.debug_line)
    5f63     5f63      674     1         ./src/bsp/drivers/Mcu_TS_TTA8M1I1P0/src/Mcu_Hw_Pmu.o:(.debug_line)
    65d7     65d7      87a     1         ./src/bsp/drivers/Mcu_TS_TTA8M1I1P0/src/Mcu_Hw_Ppu.o:(.debug_line)
    6e51     6e51      193     1         ./src/bsp/drivers/Mcu_TS_TTA8M1I1P0/src/Mcu_Hw_Rtc.o:(.debug_line)
    6fe4     6fe4      345     1         ./src/bsp/drivers/I2c_TS_TTA8M1I1P0/src/I2c_Drv.o:(.debug_line)
    7329     7329      b27     1         ./src/bsp/drivers/I2c_TS_TTA8M1I1P0/src/I2c_Hw.o:(.debug_line)
    7e50     7e50      7c1     1         ./src/bsp/drivers/Gtm_TS_TTA8M1I1P0/src/Gtm_Drv.o:(.debug_line)
    8611     8611      751     1         ./src/bsp/drivers/Gtm_TS_TTA8M1I1P0/src/Gtm_Hw_Cmu.o:(.debug_line)
    8d62     8d62       c8     1         ./src/bsp/drivers/Gtm_TS_TTA8M1I1P0/src/Gtm_Hw_Interrupt.o:(.debug_line)
    8e2a     8e2a      175     1         ./src/bsp/drivers/Gtm_TS_TTA8M1I1P0/src/Gtm_Hw_Tim.o:(.debug_line)
    8f9f     8f9f      8cd     1         ./src/bsp/drivers/Gtm_TS_TTA8M1I1P0/src/Gtm_Hw_Tom.o:(.debug_line)
    986c     986c      560     1         ./src/bsp/drivers/Gpt_TS_TTA8M1I1P0/src/Gpt.o:(.debug_line)
    9dcc     9dcc      31f     1         ./src/bsp/drivers/Gpt_TS_TTA8M1I1P0/src/Gpt_Hw.o:(.debug_line)
    a0eb     a0eb      30c     1         ./src/bsp/drivers/Dma_TS_TTA8M1I1P0/src/Dma_Drv.o:(.debug_line)
    a3f7     a3f7      db1     1         ./src/bsp/drivers/Dma_TS_TTA8M1I1P0/src/Dma_Hw.o:(.debug_line)
    b1a8     b1a8      2f6     1         ./src/bsp/drivers/Dio_TS_TTA8M1I1P0/src/Dio_Drv.o:(.debug_line)
    b49e     b49e      306     1         ./src/bsp/drivers/Dio_TS_TTA8M1I1P0/src/Dio_Hw.o:(.debug_line)
    b7a4     b7a4      1a1     1         ./src/bsp/drivers/Dio_TS_TTA8M1I1P0/src/Dio_Hw_Irq.o:(.debug_line)
    b945     b945      ea8     1         ./src/bsp/drivers/Can_TS_TTA8M1I1P0/src/Can_Drv.o:(.debug_line)
    c7ed     c7ed     363b     1         ./src/bsp/drivers/Can_TS_TTA8M1I1P0/src/Can_Hw.o:(.debug_line)
    fe28     fe28       bd     1         ./src/bsp/drivers/Can_TS_TTA8M1I1P0/src/Can_Hw_Irq.o:(.debug_line)
    fee5     fee5      269     1         ./src/bsp/drivers/Can_TS_TTA8M1I1P0/src/Can_Irq.o:(.debug_line)
   1014e    1014e      312     1         ./src/bsp/drivers/Base_TS_TTA8M1I1P0/src/Base_Drv.o:(.debug_line)
   10460    10460      17f     1         ./src/bsp/drivers/Base_TS_TTA8M1I1P0/src/Base_Hw.o:(.debug_line)
   105df    105df      46e     1         ./src/bsp/drivers/Base_TS_TTA8M1I1P0/src/Base_Tools.o:(.debug_line)
   10a4d    10a4d      bfc     1         ./src/bsp/drivers/Adc_TS_TTA8M1I1P0/src/Adc_Drv.o:(.debug_line)
   11649    11649      cd8     1         ./src/bsp/drivers/Adc_TS_TTA8M1I1P0/src/Adc_Hw.o:(.debug_line)
   12321    12321      1f2     1         ./src/kinematics.o:(.debug_line)
   12513    12513      c15     1         ./src/main.o:(.debug_line)
   13128    13128      c91     1         ./src/motor.o:(.debug_line)
   13db9    13db9      394     1         ./src/pid.o:(.debug_line)
   1414d    1414d       59     1         D:\software\TTstudio\EclipseIDE-master\toolchain\LLVMEmbeddedToolchainForArm-17.0.1-Windows-x86_64\bin\..\lib\clang-runtimes/arm-none-eabi/armv7em_hard_fpv5_d16\lib\libc.a(libc_stdlib_abort.c.o):(.debug_line)
   141a6    141a6      12c     1         D:\software\TTstudio\EclipseIDE-master\toolchain\LLVMEmbeddedToolchainForArm-17.0.1-Windows-x86_64\bin\..\lib\clang-runtimes/arm-none-eabi/armv7em_hard_fpv5_d16\lib\libc.a(libc_signal_signal.c.o):(.debug_line)
   142d2    142d2       43     1         D:\software\TTstudio\EclipseIDE-master\toolchain\LLVMEmbeddedToolchainForArm-17.0.1-Windows-x86_64\bin\..\lib\clang-runtimes/arm-none-eabi/armv7em_hard_fpv5_d16\lib\libc.a(libc_errno_errno.c.o):(.debug_line)
   14315    14315       44     1         D:\software\TTstudio\EclipseIDE-master\toolchain\LLVMEmbeddedToolchainForArm-17.0.1-Windows-x86_64\bin\..\lib\clang-runtimes/arm-none-eabi/armv7em_hard_fpv5_d16\lib\libc.a(libc_picolib_machine_arm_read_tp.S.o):(.debug_line)
   14359    14359       b0     1         D:\software\TTstudio\EclipseIDE-master\toolchain\LLVMEmbeddedToolchainForArm-17.0.1-Windows-x86_64\bin\..\lib\clang-runtimes/arm-none-eabi/armv7em_hard_fpv5_d16\lib\libc.a(libc_picolib_machine_arm_tls.c.o):(.debug_line)
   14409    14409       f7     1         D:\software\TTstudio\EclipseIDE-master\toolchain\LLVMEmbeddedToolchainForArm-17.0.1-Windows-x86_64\bin\..\lib\clang-runtimes/arm-none-eabi/armv7em_hard_fpv5_d16\lib\libc.a(libc_tinystdio_vsprintf.c.o):(.debug_line)
   14500    14500      af3     1         D:\software\TTstudio\EclipseIDE-master\toolchain\LLVMEmbeddedToolchainForArm-17.0.1-Windows-x86_64\bin\..\lib\clang-runtimes/arm-none-eabi/armv7em_hard_fpv5_d16\lib\libc.a(libc_tinystdio_vfprintf.c.o):(.debug_line)
   14ff3    14ff3       91     1         D:\software\TTstudio\EclipseIDE-master\toolchain\LLVMEmbeddedToolchainForArm-17.0.1-Windows-x86_64\bin\..\lib\clang-runtimes/arm-none-eabi/armv7em_hard_fpv5_d16\lib\libc.a(libc_string_strnlen.c.o):(.debug_line)
   15084    15084       e0     1         D:\software\TTstudio\EclipseIDE-master\toolchain\LLVMEmbeddedToolchainForArm-17.0.1-Windows-x86_64\bin\..\lib\clang-runtimes/arm-none-eabi/armv7em_hard_fpv5_d16\lib\libc.a(libc_tinystdio_filestrput.c.o):(.debug_line)
   15164    15164      5db     1         D:\software\TTstudio\EclipseIDE-master\toolchain\LLVMEmbeddedToolchainForArm-17.0.1-Windows-x86_64\bin\..\lib\clang-runtimes/arm-none-eabi/armv7em_hard_fpv5_d16\lib\libc.a(libc_tinystdio_dtoa_ryu.c.o):(.debug_line)
   1573f    1573f      1dd     1         D:\software\TTstudio\EclipseIDE-master\toolchain\LLVMEmbeddedToolchainForArm-17.0.1-Windows-x86_64\bin\..\lib\clang-runtimes/arm-none-eabi/armv7em_hard_fpv5_d16\lib\libc.a(libc_tinystdio_ryu_table.c.o):(.debug_line)
   1591c    1591c       b3     1         D:\software\TTstudio\EclipseIDE-master\toolchain\LLVMEmbeddedToolchainForArm-17.0.1-Windows-x86_64\bin\..\lib\clang-runtimes/arm-none-eabi/armv7em_hard_fpv5_d16\lib\libc.a(libc_tinystdio_ryu_log10.c.o):(.debug_line)
   159cf    159cf       99     1         D:\software\TTstudio\EclipseIDE-master\toolchain\LLVMEmbeddedToolchainForArm-17.0.1-Windows-x86_64\bin\..\lib\clang-runtimes/arm-none-eabi/armv7em_hard_fpv5_d16\lib\libc.a(libc_tinystdio_ryu_pow5bits.c.o):(.debug_line)
   15a68    15a68       e1     1         D:\software\TTstudio\EclipseIDE-master\toolchain\LLVMEmbeddedToolchainForArm-17.0.1-Windows-x86_64\bin\..\lib\clang-runtimes/arm-none-eabi/armv7em_hard_fpv5_d16\lib\libc.a(libc_tinystdio_ryu_umul128.c.o):(.debug_line)
   15b49    15b49       8a     1         D:\software\TTstudio\EclipseIDE-master\toolchain\LLVMEmbeddedToolchainForArm-17.0.1-Windows-x86_64\bin\..\lib\clang-runtimes/arm-none-eabi/armv7em_hard_fpv5_d16\lib\libc.a(aeabi_memset.c.o):(.debug_line)
   15bd3    15bd3       a1     1         D:\software\TTstudio\EclipseIDE-master\toolchain\LLVMEmbeddedToolchainForArm-17.0.1-Windows-x86_64\bin\..\lib\clang-runtimes/arm-none-eabi/armv7em_hard_fpv5_d16\lib\libc.a(bzero.c.o):(.debug_line)
   15c74    15c74       96     1         D:\software\TTstudio\EclipseIDE-master\toolchain\LLVMEmbeddedToolchainForArm-17.0.1-Windows-x86_64\bin\..\lib\clang-runtimes/arm-none-eabi/armv7em_hard_fpv5_d16\lib\libc.a(memset.c.o):(.debug_line)
   15d0a    15d0a       4f     1         D:\software\TTstudio\EclipseIDE-master\toolchain\LLVMEmbeddedToolchainForArm-17.0.1-Windows-x86_64\bin\..\lib\clang-runtimes/arm-none-eabi/armv7em_hard_fpv5_d16\lib\libc.a(strlen.S.o):(.debug_line)
       0        0     2c04     1 .debug_line_str
       0        0     2c04     1         <internal>:(.debug_line_str)
       0        0     1a03     1 .debug_rnglists
       0        0       17     1         ./src/bsp/nano_stubs/write.o:(.debug_rnglists)
      17       17       25     1         ./src/bsp/env/system_m7.o:(.debug_rnglists)
      3c       3c       2f     1         ./src/bsp/drivers/Uart_TS_TTA8M1I1P0/src/Uart_Drv.o:(.debug_rnglists)
      6b       6b       1a     1         ./src/bsp/drivers/Uart_TS_TTA8M1I1P0/src/Uart_Hal.o:(.debug_rnglists)
      85       85       c1     1         ./src/bsp/drivers/Uart_TS_TTA8M1I1P0/src/Uart_Hw.o:(.debug_rnglists)
     146      146       18     1         ./src/bsp/drivers/Port_TS_TTA8M1I1P0/src/Port_Drv.o:(.debug_rnglists)
     15e      15e       3a     1         ./src/bsp/drivers/Port_TS_TTA8M1I1P0/src/Port_Hw.o:(.debug_rnglists)
     198      198       18     1         ./src/bsp/drivers/Platform_TS_TTA8M1I1P0/src/Platform_Drv.o:(.debug_rnglists)
     1b0      1b0       19     1         ./src/bsp/drivers/Platform_TS_TTA8M1I1P0/src/Platform_Hw_IntCtrl.o:(.debug_rnglists)
     1c9      1c9       3b     1         ./src/bsp/drivers/Platform_TS_TTA8M1I1P0/src/Platform_Hw_Mpu.o:(.debug_rnglists)
     204      204       af     1         ./src/bsp/drivers/Mcu_TS_TTA8M1I1P0/src/Mcu.o:(.debug_rnglists)
     2b3      2b3       3b     1         ./src/bsp/drivers/Mcu_TS_TTA8M1I1P0/src/Mcu_Drv.o:(.debug_rnglists)
     2ee      2ee       97     1         ./src/bsp/drivers/Mcu_TS_TTA8M1I1P0/src/Mcu_Hw_Clk.o:(.debug_rnglists)
     385      385       1d     1         ./src/bsp/drivers/Mcu_TS_TTA8M1I1P0/src/Mcu_Hw_Cmu.o:(.debug_rnglists)
     3a2      3a2       66     1         ./src/bsp/drivers/Mcu_TS_TTA8M1I1P0/src/Mcu_Hw_Pmu.o:(.debug_rnglists)
     408      408       2a     1         ./src/bsp/drivers/Mcu_TS_TTA8M1I1P0/src/Mcu_Hw_Ppu.o:(.debug_rnglists)
     432      432       17     1         ./src/bsp/drivers/Mcu_TS_TTA8M1I1P0/src/Mcu_Hw_Rtc.o:(.debug_rnglists)
     449      449       29     1         ./src/bsp/drivers/I2c_TS_TTA8M1I1P0/src/I2c_Drv.o:(.debug_rnglists)
     472      472       9d     1         ./src/bsp/drivers/I2c_TS_TTA8M1I1P0/src/I2c_Hw.o:(.debug_rnglists)
     50f      50f       4c     1         ./src/bsp/drivers/Gtm_TS_TTA8M1I1P0/src/Gtm_Drv.o:(.debug_rnglists)
     55b      55b       e8     1         ./src/bsp/drivers/Gtm_TS_TTA8M1I1P0/src/Gtm_Hw_Cmu.o:(.debug_rnglists)
     643      643       1a     1         ./src/bsp/drivers/Gtm_TS_TTA8M1I1P0/src/Gtm_Hw_Interrupt.o:(.debug_rnglists)
     65d      65d       17     1         ./src/bsp/drivers/Gtm_TS_TTA8M1I1P0/src/Gtm_Hw_Tim.o:(.debug_rnglists)
     674      674       ed     1         ./src/bsp/drivers/Gtm_TS_TTA8M1I1P0/src/Gtm_Hw_Tom.o:(.debug_rnglists)
     761      761      138     1         ./src/bsp/drivers/Gpt_TS_TTA8M1I1P0/src/Gpt.o:(.debug_rnglists)
     899      899       21     1         ./src/bsp/drivers/Gpt_TS_TTA8M1I1P0/src/Gpt_Hw.o:(.debug_rnglists)
     8ba      8ba       40     1         ./src/bsp/drivers/Dma_TS_TTA8M1I1P0/src/Dma_Drv.o:(.debug_rnglists)
     8fa      8fa      27a     1         ./src/bsp/drivers/Dma_TS_TTA8M1I1P0/src/Dma_Hw.o:(.debug_rnglists)
     b74      b74       69     1         ./src/bsp/drivers/Dio_TS_TTA8M1I1P0/src/Dio_Drv.o:(.debug_rnglists)
     bdd      bdd       26     1         ./src/bsp/drivers/Dio_TS_TTA8M1I1P0/src/Dio_Hw.o:(.debug_rnglists)
     c03      c03       fe     1         ./src/bsp/drivers/Can_TS_TTA8M1I1P0/src/Can_Drv.o:(.debug_rnglists)
     d01      d01      5b2     1         ./src/bsp/drivers/Can_TS_TTA8M1I1P0/src/Can_Hw.o:(.debug_rnglists)
    12b3     12b3       1b     1         ./src/bsp/drivers/Can_TS_TTA8M1I1P0/src/Can_Irq.o:(.debug_rnglists)
    12ce     12ce       51     1         ./src/bsp/drivers/Base_TS_TTA8M1I1P0/src/Base_Drv.o:(.debug_rnglists)
    131f     131f       17     1         ./src/bsp/drivers/Base_TS_TTA8M1I1P0/src/Base_Hw.o:(.debug_rnglists)
    1336     1336       1b     1         ./src/bsp/drivers/Base_TS_TTA8M1I1P0/src/Base_Tools.o:(.debug_rnglists)
    1351     1351      308     1         ./src/bsp/drivers/Adc_TS_TTA8M1I1P0/src/Adc_Drv.o:(.debug_rnglists)
    1659     1659       73     1         ./src/bsp/drivers/Adc_TS_TTA8M1I1P0/src/Adc_Hw.o:(.debug_rnglists)
    16cc     16cc       1c     1         ./src/kinematics.o:(.debug_rnglists)
    16e8     16e8       56     1         ./src/main.o:(.debug_rnglists)
    173e     173e       41     1         ./src/motor.o:(.debug_rnglists)
    177f     177f       72     1         ./src/pid.o:(.debug_rnglists)
    17f1     17f1       24     1         D:\software\TTstudio\EclipseIDE-master\toolchain\LLVMEmbeddedToolchainForArm-17.0.1-Windows-x86_64\bin\..\lib\clang-runtimes/arm-none-eabi/armv7em_hard_fpv5_d16\lib\libc.a(libc_signal_signal.c.o):(.debug_rnglists)
    1815     1815      132     1         D:\software\TTstudio\EclipseIDE-master\toolchain\LLVMEmbeddedToolchainForArm-17.0.1-Windows-x86_64\bin\..\lib\clang-runtimes/arm-none-eabi/armv7em_hard_fpv5_d16\lib\libc.a(libc_tinystdio_vfprintf.c.o):(.debug_rnglists)
    1947     1947       69     1         D:\software\TTstudio\EclipseIDE-master\toolchain\LLVMEmbeddedToolchainForArm-17.0.1-Windows-x86_64\bin\..\lib\clang-runtimes/arm-none-eabi/armv7em_hard_fpv5_d16\lib\libc.a(libc_tinystdio_dtoa_ryu.c.o):(.debug_rnglists)
    19b0     19b0       25     1         D:\software\TTstudio\EclipseIDE-master\toolchain\LLVMEmbeddedToolchainForArm-17.0.1-Windows-x86_64\bin\..\lib\clang-runtimes/arm-none-eabi/armv7em_hard_fpv5_d16\lib\libc.a(libc_tinystdio_ryu_table.c.o):(.debug_rnglists)
    19d5     19d5       17     1         D:\software\TTstudio\EclipseIDE-master\toolchain\LLVMEmbeddedToolchainForArm-17.0.1-Windows-x86_64\bin\..\lib\clang-runtimes/arm-none-eabi/armv7em_hard_fpv5_d16\lib\libc.a(libc_tinystdio_ryu_log10.c.o):(.debug_rnglists)
    19ec     19ec       17     1         D:\software\TTstudio\EclipseIDE-master\toolchain\LLVMEmbeddedToolchainForArm-17.0.1-Windows-x86_64\bin\..\lib\clang-runtimes/arm-none-eabi/armv7em_hard_fpv5_d16\lib\libc.a(libc_tinystdio_ryu_umul128.c.o):(.debug_rnglists)
       0        0       80     1 .debug_aranges
       0        0       20     1         ./src/bsp/env/startup_m7.o:(.debug_aranges)
      20       20       20     1         ./src/bsp/env/vector_table_m7.o:(.debug_aranges)
      40       40       20     1         D:\software\TTstudio\EclipseIDE-master\toolchain\LLVMEmbeddedToolchainForArm-17.0.1-Windows-x86_64\bin\..\lib\clang-runtimes/arm-none-eabi/armv7em_hard_fpv5_d16\lib\libc.a(libc_picolib_machine_arm_read_tp.S.o):(.debug_aranges)
      60       60       20     1         D:\software\TTstudio\EclipseIDE-master\toolchain\LLVMEmbeddedToolchainForArm-17.0.1-Windows-x86_64\bin\..\lib\clang-runtimes/arm-none-eabi/armv7em_hard_fpv5_d16\lib\libc.a(strlen.S.o):(.debug_aranges)
       0        0     5640     4 .symtab
       0        0     5640     4         <internal>:(.symtab)
       0        0      157     1 .shstrtab
       0        0      157     1         <internal>:(.shstrtab)
       0        0     6199     1 .strtab
       0        0     6199     1         <internal>:(.strtab)
