../src/bsp/drivers/Can_TS_TTA8M1I1P0/src/Can_Hw.c:904:Can_Hw_SetIpUserMode	0	static
../src/bsp/drivers/Can_TS_TTA8M1I1P0/src/Can_Hw.c:960:Can_Hw_SetIpPrivilegeMode	0	static
../src/bsp/drivers/Can_TS_TTA8M1I1P0/src/Can_Hw.c:1024:Can_Hw_Init_Privileged	24	static
../src/bsp/drivers/Can_TS_TTA8M1I1P0/src/Can_Hw.c:1533:FlexCAN_SetEnhancedNominalTimeSegments	0	static
../src/bsp/drivers/Can_TS_TTA8M1I1P0/src/Can_Hw.c:1565:FlexCAN_SetEnhancedDataTimeSegments	8	static
../src/bsp/drivers/Can_TS_TTA8M1I1P0/src/Can_Hw.c:1512:FlexCAN_SetExtendedTimeSegments	8	static
../src/bsp/drivers/Can_TS_TTA8M1I1P0/src/Can_Hw.c:1473:FlexCAN_SetFDTimeSegments	8	static
../src/bsp/drivers/Can_TS_TTA8M1I1P0/src/Can_Hw.c:1493:FlexCAN_SetTimeSegments	8	static
../src/bsp/drivers/Can_TS_TTA8M1I1P0/src/Can_Hw.c:8095:Can_Hw_PriSetOperationMode	0	static
../src/bsp/drivers/Can_TS_TTA8M1I1P0/src/Can_Hw.c:1199:Can_Hw_Send	64	static
../src/bsp/drivers/Can_TS_TTA8M1I1P0/src/Can_Hw.c:7215:Can_Hw_PriSetMsgBuffIntCmd	16	static
../src/bsp/drivers/Can_TS_TTA8M1I1P0/src/Can_Hw.c:1262:Can_Hw_ConfigRxMb	48	static
../src/bsp/drivers/Can_TS_TTA8M1I1P0/src/Can_Hw.c:7585:Can_Hw_PriSetRxMsgBuff	24	static
../src/bsp/drivers/Can_TS_TTA8M1I1P0/src/Can_Hw.c:1341:Can_Hw_Receive	24	static
../src/bsp/drivers/Can_TS_TTA8M1I1P0/src/Can_Hw.c:1517:Can_Hw_RxFifo	8	static
../src/bsp/drivers/Can_TS_TTA8M1I1P0/src/Can_Hw.c:1563:Can_Hw_ConfigRxFifo_Privileged	32	static
../src/bsp/drivers/Can_TS_TTA8M1I1P0/src/Can_Hw.c:1646:Can_Hw_ConfigEnhancedRxFifo_Privileged	28	static
../src/bsp/drivers/Can_TS_TTA8M1I1P0/src/Can_Hw.c:1733:Can_Hw_GetTransferStatus	0	static
../src/bsp/drivers/Can_TS_TTA8M1I1P0/src/Can_Hw.c:1803:CANx_Mbor_IRQHandler	136	static
../src/bsp/drivers/Can_TS_TTA8M1I1P0/src/Can_Hw.c:5632:Can_Hw_PriIRQHandlerRxFIFO	104	static
../src/bsp/drivers/Can_TS_TTA8M1I1P0/src/Can_Hw.c:5427:Can_Hw_PriIRQHandlerRxMB	128	static
../src/bsp/drivers/Can_TS_TTA8M1I1P0/src/Can_Hw.c:1916:CANx_EnhancedRxFifo_IRQHandler	24	static
../src/bsp/drivers/Can_TS_TTA8M1I1P0/src/Can_Hw.c:5747:Can_Hw_PriIRQHandlerEnRxFIFO	112	static
../src/bsp/drivers/Can_TS_TTA8M1I1P0/src/Can_Hw.c:1971:CANx_Error_IRQHandler	16	static
../src/bsp/drivers/Can_TS_TTA8M1I1P0/src/Can_Hw.c:2066:CANx_Busoff_IRQHandler	8	static
../src/bsp/drivers/Can_TS_TTA8M1I1P0/src/Can_Hw.c:2122:CANx_TXRX_Warnning_IRQHandler	16	static
../src/bsp/drivers/Can_TS_TTA8M1I1P0/src/Can_Hw.c:2206:Can_Hw_GetErrorStatus	0	static
../src/bsp/drivers/Can_TS_TTA8M1I1P0/src/Can_Hw.c:2234:Can_Hw_GetControllerTxErrCounter	0	static
../src/bsp/drivers/Can_TS_TTA8M1I1P0/src/Can_Hw.c:2262:Can_Hw_GetControllerRxErrCounter	0	static
../src/bsp/drivers/Can_TS_TTA8M1I1P0/src/Can_Hw.c:2290:Can_Hw_SetRxMbGlbMask_Privileged	0	static
../src/bsp/drivers/Can_TS_TTA8M1I1P0/src/Can_Hw.c:2364:Can_Hw_EnterFrzMode_Privileged	0	static
../src/bsp/drivers/Can_TS_TTA8M1I1P0/src/Can_Hw.c:6443:Can_Hw_PriEnterFreezeMode	0	static
../src/bsp/drivers/Can_TS_TTA8M1I1P0/src/Can_Hw.c:2390:Can_Hw_ExitFreezeMode_Privileged	0	static
../src/bsp/drivers/Can_TS_TTA8M1I1P0/src/Can_Hw.c:2418:Can_Hw_SetRxIndMask_Privileged	0	static
../src/bsp/drivers/Can_TS_TTA8M1I1P0/src/Can_Hw.c:2501:Can_Hw_SetRxFifoGlMsk_Privileged	0	static
../src/bsp/drivers/Can_TS_TTA8M1I1P0/src/Can_Hw.c:2582:Can_Hw_Deinit_Privileged	16	static
../src/bsp/drivers/Can_TS_TTA8M1I1P0/src/Can_Hw.c:2663:Can_Hw_MainFunctionRead	8	static
../src/bsp/drivers/Can_TS_TTA8M1I1P0/src/Can_Hw.c:2772:Can_Hw_MainFuncBusOff_Privileged	8	static
../src/bsp/drivers/Can_TS_TTA8M1I1P0/src/Can_Hw.c:2829:Can_Hw_MainFunctionWrite	24	static
../src/bsp/drivers/Can_TS_TTA8M1I1P0/src/Can_Hw.c:2872:Can_Hw_GetStopMode_Privileged	0	static
../src/bsp/drivers/Can_TS_TTA8M1I1P0/src/Can_Hw.c:2905:Can_Hw_GetStartMode_Privileged	0	static
../src/bsp/drivers/Can_TS_TTA8M1I1P0/src/Can_Hw.c:2932:Can_Hw_SetStartMode_Privileged	0	static
../src/bsp/drivers/Can_TS_TTA8M1I1P0/src/Can_Hw.c:2962:Can_Hw_SetStopMode_Privileged	8	static
../src/bsp/drivers/Can_TS_TTA8M1I1P0/src/Can_Hw.c:3003:Can_Hw_SetRxMaskType_Privileged	0	static
../src/bsp/drivers/Can_TS_TTA8M1I1P0/src/Can_Hw.c:3085:Can_Hw_SetBitrate_Privileged	8	static
../src/bsp/drivers/Can_TS_TTA8M1I1P0/src/Can_Hw.c:3186:Can_Hw_SetBitrateFD_Privileged	16	static
../src/bsp/drivers/Can_TS_TTA8M1I1P0/src/Can_Hw.c:3284:Can_Hw_SetTDCOffset_Privileged	20	static
../src/bsp/drivers/Can_TS_TTA8M1I1P0/src/Can_Hw.c:3372:Can_Hw_SetTxArbDelay_Privileged	0	static
../src/bsp/drivers/Can_TS_TTA8M1I1P0/src/Can_Hw.c:3453:Can_Hw_GetBuffStatusFlag	0	static
../src/bsp/drivers/Can_TS_TTA8M1I1P0/src/Can_Hw.c:3490:Can_Hw_ClearBuffStatusFlag	0	static
../src/bsp/drivers/Can_TS_TTA8M1I1P0/src/Can_Hw.c:3532:Can_Hw_EnInterrupts_Privileged	8	static
../src/bsp/drivers/Can_TS_TTA8M1I1P0/src/Can_Hw.c:3587:Can_Hw_DisInterrupts_Privileged	0	static
../src/bsp/drivers/Can_TS_TTA8M1I1P0/src/Can_Hw.c:3640:Can_Hw_SetPriority	16	static
../src/bsp/drivers/Can_TS_TTA8M1I1P0/src/Can_Hw.c:3732:Can_Hw_SetErrorInt_Privileged	16	static
../src/bsp/drivers/Can_TS_TTA8M1I1P0/src/Can_Hw.c:6743:Can_Hw_PriSetErrIntCmd	0	static
../src/bsp/drivers/Can_TS_TTA8M1I1P0/src/Can_Hw.c:3884:Can_Hw_AbortTransfer	40	static
../src/bsp/drivers/Can_TS_TTA8M1I1P0/src/Can_Hw.c:3957:Can_Hw_SetRxMb14Mask_Privileged	0	static
../src/bsp/drivers/Can_TS_TTA8M1I1P0/src/Can_Hw.c:4032:Can_Hw_SetRxMb15Mask_Privileged	0	static
../src/bsp/drivers/Can_TS_TTA8M1I1P0/src/Can_Hw.c:4108:Can_Hw_SetLisOnlyMode_Privileged	0	static
../src/bsp/drivers/Can_TS_TTA8M1I1P0/src/Can_Hw.c:4181:Can_Hw_CfgTimeStamp_Privileged	0	static
../src/bsp/drivers/Can_TS_TTA8M1I1P0/src/Can_Hw.c:4469:Can_Hw_TXWRNStatusFlag	0	static
../src/bsp/drivers/Can_TS_TTA8M1I1P0/src/Can_Hw.c:4616:Can_Hw_PriInitCtroll	48	static
../src/bsp/drivers/Can_TS_TTA8M1I1P0/src/Can_Hw.c:7130:Can_Hw_PriGetMbPayloadSize	20	static
../src/bsp/drivers/Can_TS_TTA8M1I1P0/src/Can_Hw.c:6320:Can_Hw_PriGetMsgBuffRegion	24	static
../src/bsp/drivers/Can_TS_TTA8M1I1P0/src/Can_Hw.c:7819:Can_Hw_PriSetTxMsgBuff	20	static
../src/bsp/drivers/Can_TS_TTA8M1I1P0/src/Can_Hw.c:7730:Can_Hw_PriGetMsgBuff	48	static
../src/bsp/drivers/Can_TS_TTA8M1I1P0/src/Can_Hw.c:4792:Can_Hw_PriCompleteRxMsgFifoData	0	static
