../src/bsp/drivers/Platform_TS_TTA8M1I1P0/src/Platform_Drv.c:355:Platform_Drv_Init	8	static
../src/bsp/drivers/Platform_TS_TTA8M1I1P0/src/Platform_Drv.c:421:Platform_Drv_IntCtrl_Init	8	static
../src/bsp/drivers/Platform_TS_TTA8M1I1P0/src/Platform_Drv.c:444:Platform_Drv_Mpu_Init	8	static
../src/bsp/drivers/Platform_TS_TTA8M1I1P0/src/Platform_Drv.c:466:Platform_Drv_Mpu_Deinit	8	static
../src/bsp/drivers/Platform_TS_TTA8M1I1P0/src/Platform_Drv.c:496:Platform_Drv_IntCtrl_SetPriority	8	static
../src/bsp/drivers/Platform_TS_TTA8M1I1P0/src/Platform_Drv.c:518:Platform_Drv_IntCtrl_GetPriority	8	static
../src/bsp/drivers/Platform_TS_TTA8M1I1P0/src/Platform_Drv.c:544:Platform_Drv_IntCtrl_GroupingSetPriority	8	static
../src/bsp/drivers/Platform_TS_TTA8M1I1P0/src/Platform_Drv.c:566:Platform_Drv_IntCtrl_GroupingGetPriority	8	static
../src/bsp/drivers/Platform_TS_TTA8M1I1P0/src/Platform_Drv.c:588:Platform_Drv_IntCtrl_EnableIRQ	8	static
../src/bsp/drivers/Platform_TS_TTA8M1I1P0/src/Platform_Drv.c:610:Platform_Drv_IntCtrl_GetEnableIRQ	8	static
../src/bsp/drivers/Platform_TS_TTA8M1I1P0/src/Platform_Drv.c:632:Platform_Drv_IntCtrl_DisableIRQ	8	static
../src/bsp/drivers/Platform_TS_TTA8M1I1P0/src/Platform_Drv.c:654:Platform_Drv_IntCtrl_GetPendingIRQ	8	static
../src/bsp/drivers/Platform_TS_TTA8M1I1P0/src/Platform_Drv.c:676:Platform_Drv_IntCtrl_SetPendingIRQ	8	static
../src/bsp/drivers/Platform_TS_TTA8M1I1P0/src/Platform_Drv.c:698:Platform_Drv_IntCtrl_ClearPendingIRQ	8	static
../src/bsp/drivers/Platform_TS_TTA8M1I1P0/src/Platform_Drv.c:720:Platform_Drv_IntCtrl_GetActive	8	static
../src/bsp/drivers/Platform_TS_TTA8M1I1P0/src/Platform_Drv.c:743:Platform_Drv_IntCtrl_SoftTrig	8	static
../src/bsp/drivers/Platform_TS_TTA8M1I1P0/src/Platform_Drv.c:771:Platform_Drv_IntCtrl_EncodePriority	8	static
../src/bsp/drivers/Platform_TS_TTA8M1I1P0/src/Platform_Drv.c:797:Platform_Drv_IntCtrl_DecodePriority	8	static
../src/bsp/drivers/Platform_TS_TTA8M1I1P0/src/Platform_Drv.c:823:Platform_Drv_Misc_GetFPUType	8	static
../src/bsp/drivers/Platform_TS_TTA8M1I1P0/src/Platform_Drv.c:846:Platform_Drv_Misc_SetVector	8	static
../src/bsp/drivers/Platform_TS_TTA8M1I1P0/src/Platform_Drv.c:868:Platform_Drv_Misc_GetVector	8	static
../src/bsp/drivers/Platform_TS_TTA8M1I1P0/src/Platform_Drv.c:890:Platform_Drv_Cache_EnableICache	8	static
../src/bsp/drivers/Platform_TS_TTA8M1I1P0/src/Platform_Drv.c:915:Platform_Drv_Cache_DisableICache	8	static
../src/bsp/drivers/Platform_TS_TTA8M1I1P0/src/Platform_Drv.c:940:Platform_Drv_Cache_InvalidateICache	8	static
../src/bsp/drivers/Platform_TS_TTA8M1I1P0/src/Platform_Drv.c:966:Platform_Drv_Cache_AddrInvalidICache	16	static
../src/bsp/drivers/Platform_TS_TTA8M1I1P0/src/Platform_Drv.c:1497:Platform_Drv_Cache_PriAddrCheck	0	static
../src/bsp/drivers/Platform_TS_TTA8M1I1P0/src/Platform_Drv.c:1003:Platform_Drv_Cache_EnableDCache	8	static
../src/bsp/drivers/Platform_TS_TTA8M1I1P0/src/Platform_Drv.c:1028:Platform_Drv_Cache_DisableDCache	8	static
../src/bsp/drivers/Platform_TS_TTA8M1I1P0/src/Platform_Drv.c:1053:Platform_Drv_Cache_InvalidateDCache	8	static
../src/bsp/drivers/Platform_TS_TTA8M1I1P0/src/Platform_Drv.c:1078:Platform_Drv_Cache_CleanDCache	8	static
../src/bsp/drivers/Platform_TS_TTA8M1I1P0/src/Platform_Drv.c:1103:Platform_Drv_Cache_CleanInvalidateDCache	8	static
../src/bsp/drivers/Platform_TS_TTA8M1I1P0/src/Platform_Drv.c:1131:Platform_Drv_Cache_AddrInvalidateDCache	16	static
../src/bsp/drivers/Platform_TS_TTA8M1I1P0/src/Platform_Drv.c:1170:Platform_Drv_Cache_AddrCleanDCache	16	static
../src/bsp/drivers/Platform_TS_TTA8M1I1P0/src/Platform_Drv.c:1209:Platform_Drv_Cache_AddrCleanInvalidateDCache	16	static
../src/bsp/drivers/Platform_TS_TTA8M1I1P0/src/Platform_Drv.c:1246:Platform_Drv_Mpu_SetRegionConfig	8	static
../src/bsp/drivers/Platform_TS_TTA8M1I1P0/src/Platform_Drv.c:1269:Platform_Drv_Mpu_EnableRegion	8	static
../src/bsp/drivers/Platform_TS_TTA8M1I1P0/src/Platform_Drv.c:1292:Platform_Drv_Mpu_SetAccessRight	8	static
../src/bsp/drivers/Platform_TS_TTA8M1I1P0/src/Platform_Drv.c:1317:Platform_Drv_Mpu_GetErrorDetails	8	static
../src/bsp/drivers/Platform_TS_TTA8M1I1P0/src/Platform_Drv.c:1339:Platform_Drv_Mpu_Enable	8	static
../src/bsp/drivers/Platform_TS_TTA8M1I1P0/src/Platform_Drv.c:1361:Platform_Drv_Mpu_Disable	8	static
../src/bsp/drivers/Platform_TS_TTA8M1I1P0/src/Platform_Drv.c:1383:Platform_Drv_Mpu_ClrRegion	8	static
../src/bsp/drivers/Platform_TS_TTA8M1I1P0/src/Platform_Drv.c:1406:Platform_Drv_Mpu_SetRegion	8	static
../src/bsp/drivers/Platform_TS_TTA8M1I1P0/src/Platform_Drv.c:1430:Platform_Drv_Mpu_SetRegionEx	8	static
../src/bsp/drivers/Platform_TS_TTA8M1I1P0/src/Platform_Drv.c:1453:Platform_Drv_Mpu_Load	8	static
../src/bsp/drivers/Platform_TS_TTA8M1I1P0/src/Platform_Drv.c:1476:Platform_Drv_Mpu_ConfigRegion	8	static
