../src/bsp/drivers/Adc_TS_TTA8M1I1P0/src/Adc_Drv.c:248:Adc_Drv_Init	32	static
../src/bsp/drivers/Adc_TS_TTA8M1I1P0/src/Adc_Drv.c:375:Adc_Drv_DeInit	16	static
../src/bsp/drivers/Adc_TS_TTA8M1I1P0/src/Adc_Drv.c:428:Adc_Drv_ChannelConfig	8	static
../src/bsp/drivers/Adc_TS_TTA8M1I1P0/src/Adc_Drv.c:471:Adc_Drv_StartConversion	8	static
../src/bsp/drivers/Adc_TS_TTA8M1I1P0/src/Adc_Drv.c:514:Adc_Drv_GetGlobalState	8	static
../src/bsp/drivers/Adc_TS_TTA8M1I1P0/src/Adc_Drv.c:556:Adc_Drv_GetCurrentState	8	static
../src/bsp/drivers/Adc_TS_TTA8M1I1P0/src/Adc_Drv.c:598:Adc_Drv_GetChannelState	8	static
../src/bsp/drivers/Adc_TS_TTA8M1I1P0/src/Adc_Drv.c:642:Adc_Drv_GetValue	8	static
../src/bsp/drivers/Adc_TS_TTA8M1I1P0/src/Adc_Drv.c:688:Adc_Drv_SetDmaBuffer	8	static
../src/bsp/drivers/Adc_TS_TTA8M1I1P0/src/Adc_Drv.c:734:Adc_Drv_SetDmaIncraddr	8	static
../src/bsp/drivers/Adc_TS_TTA8M1I1P0/src/Adc_Drv.c:780:Adc_Drv_StopConversion	8	static
../src/bsp/drivers/Adc_TS_TTA8M1I1P0/src/Adc_Drv.c:823:Adc_Drv_ClearGlobalState	8	static
../src/bsp/drivers/Adc_TS_TTA8M1I1P0/src/Adc_Drv.c:867:Adc_Drv_EnableHwTrig	8	static
../src/bsp/drivers/Adc_TS_TTA8M1I1P0/src/Adc_Drv.c:911:Adc_Drv_DisableHwTrig	8	static
../src/bsp/drivers/Adc_TS_TTA8M1I1P0/src/Adc_Drv.c:956:Adc_Drv_SetSequence	8	static
../src/bsp/drivers/Adc_TS_TTA8M1I1P0/src/Adc_Drv.c:998:Adc_Drv_SetCTrigger	8	static
../src/bsp/drivers/Adc_TS_TTA8M1I1P0/src/Adc_Drv.c:1044:Adc_Drv_SetDmaTransCount	8	static
../src/bsp/drivers/Adc_TS_TTA8M1I1P0/src/Adc_Drv.c:1091:Adc_Drv_SetTrigger	8	static
../src/bsp/drivers/Adc_TS_TTA8M1I1P0/src/Adc_Drv.c:1138:Adc_Drv_SetReadyIntEn	8	static
../src/bsp/drivers/Adc_TS_TTA8M1I1P0/src/Adc_Drv.c:1184:Adc_Drv_SetPriority	8	static
../src/bsp/drivers/Adc_TS_TTA8M1I1P0/src/Adc_Drv.c:1231:Adc_Drv_SetDmaEn	8	static
../src/bsp/drivers/Adc_TS_TTA8M1I1P0/src/Adc_Drv.c:1284:Adc_Drv_GetVersionInfo	8	static
../src/bsp/drivers/Adc_TS_TTA8M1I1P0/src/Adc_Drv.c:1323:Adc_Drv_ClearGlobalStateInMask	8	static
