../src/bsp/drivers/Adc_TS_TTA8M1I1P0/src/Adc_Hw.c:215:Adc_Hw_CommonInit	24	static
../src/bsp/drivers/Adc_TS_TTA8M1I1P0/src/Adc_Hw.c:286:Adc_Hw_AdcxConfig	16	static
../src/bsp/drivers/Adc_TS_TTA8M1I1P0/src/Adc_Hw.c:371:Adc_Hw_AdcxDisable	8	static
../src/bsp/drivers/Adc_TS_TTA8M1I1P0/src/Adc_Hw.c:428:Adc_Hw_ChannelConfig	36	static
../src/bsp/drivers/Adc_TS_TTA8M1I1P0/src/Adc_Hw.c:562:Adc_Hw_StartConvert	0	static
../src/bsp/drivers/Adc_TS_TTA8M1I1P0/src/Adc_Hw.c:612:Adc_Hw_StopConversion	0	static
../src/bsp/drivers/Adc_TS_TTA8M1I1P0/src/Adc_Hw.c:681:Adc_Hw_SetDmaBuff	0	static
../src/bsp/drivers/Adc_TS_TTA8M1I1P0/src/Adc_Hw.c:727:Adc_Hw_SetDmaTransCount	0	static
../src/bsp/drivers/Adc_TS_TTA8M1I1P0/src/Adc_Hw.c:784:Adc_Hw_SetTrigger	0	static
../src/bsp/drivers/Adc_TS_TTA8M1I1P0/src/Adc_Hw.c:835:Adc_Hw_SetReadyIntEn	0	static
../src/bsp/drivers/Adc_TS_TTA8M1I1P0/src/Adc_Hw.c:890:Adc_Hw_Set_DmaIncraddr	0	static
../src/bsp/drivers/Adc_TS_TTA8M1I1P0/src/Adc_Hw.c:937:Adc_Hw_GetGlobalState	0	static
../src/bsp/drivers/Adc_TS_TTA8M1I1P0/src/Adc_Hw.c:964:Adc_Hw_GetCurrentState	0	static
../src/bsp/drivers/Adc_TS_TTA8M1I1P0/src/Adc_Hw.c:992:Adc_Hw_GetChannelState	0	static
../src/bsp/drivers/Adc_TS_TTA8M1I1P0/src/Adc_Hw.c:1027:Adc_Hw_ClearGlobalState	0	static
../src/bsp/drivers/Adc_TS_TTA8M1I1P0/src/Adc_Hw.c:1103:Adc_Hw_GetValue	0	static
../src/bsp/drivers/Adc_TS_TTA8M1I1P0/src/Adc_Hw.c:1170:Adc_Hw_EnableHwTrig	0	static
../src/bsp/drivers/Adc_TS_TTA8M1I1P0/src/Adc_Hw.c:1215:Adc_Hw_DisableHwTrig	0	static
../src/bsp/drivers/Adc_TS_TTA8M1I1P0/src/Adc_Hw.c:1260:Adc_Hw_SetSquence	0	static
../src/bsp/drivers/Adc_TS_TTA8M1I1P0/src/Adc_Hw.c:1304:Adc_Hw_SetCTrigger	0	static
../src/bsp/drivers/Adc_TS_TTA8M1I1P0/src/Adc_Hw.c:1370:Adc_Hw_SetCPriority	0	static
../src/bsp/drivers/Adc_TS_TTA8M1I1P0/src/Adc_Hw.c:1419:Adc_Hw_SetDmaEn	0	static
../src/bsp/drivers/Adc_TS_TTA8M1I1P0/src/Adc_Hw.c:1479:Adc_Hw_InitCheck	0	static
../src/bsp/drivers/Adc_TS_TTA8M1I1P0/src/Adc_Hw.c:1526:Adc_Hw_SelfCorrecting	216	static
../src/bsp/drivers/Adc_TS_TTA8M1I1P0/src/Adc_Hw.c:1949:ADC0_IRQHandler	0	static
../src/bsp/drivers/Adc_TS_TTA8M1I1P0/src/Adc_Hw.c:1799:Adc_Hw_PriHandlerFunction	40	static
../src/bsp/drivers/Adc_TS_TTA8M1I1P0/src/Adc_Hw.c:1962:ADC1_IRQHandler	0	static
../src/bsp/drivers/Adc_TS_TTA8M1I1P0/src/Adc_Hw.c:1975:ADC2_IRQHandler	0	static
../src/bsp/drivers/Adc_TS_TTA8M1I1P0/src/Adc_Hw.c:1988:ADC3_IRQHandler	0	static
../src/bsp/drivers/Adc_TS_TTA8M1I1P0/src/Adc_Hw.c:2001:ADC4_IRQHandler	0	static
../src/bsp/drivers/Adc_TS_TTA8M1I1P0/src/Adc_Hw.c:2014:ADC5_IRQHandler	0	static
