../src/main.c:69:Uart1_callback	0	static
../src/main.c:80:Uart0_callback	0	static
../src/main.c:92:Gpt_Notification_0	0	static
../src/main.c:462:shoot_task	16	static
../src/main.c:97:CB1	8	static
../src/main.c:104:CB2	8	static
../src/main.c:112:CanIf_TxConfirmation	0	static
../src/main.c:119:CanIf_RxIndication	0	static
../src/main.c:199:Can0_ErrorNotify	0	static
../src/main.c:204:Can1_ErrorNotify	0	static
../src/main.c:209:Can6_ErrorNotify	0	static
../src/main.c:214:CanIf_ControllerModeIndication	0	static
../src/main.c:221:Can_CreatePduInfo	8	static
../src/main.c:250:RemoteDataProcess	8	static
../src/main.c:271:Receive_buff_verify	8	static
../src/main.c:406:dj_motor_init	40	static
../src/main.c:425:dj_remote_init	0	static
../src/main.c:432:sensor_ch_init	8	static
../src/main.c:453:claw_shoot_init	8	static
../src/main.c:507:adc_get_offset	32	static
../src/main.c:550:main	16	static
