../src/bsp/drivers/Mcu_TS_TTA8M1I1P0/src/Mcu_Hw_Clk.c:265:Mcu_Hw_Clk_StopModules	16	static
../src/bsp/drivers/Mcu_TS_TTA8M1I1P0/src/Mcu_Hw_Clk.c:332:Mcu_Hw_Clk_StartModules	16	static
../src/bsp/drivers/Mcu_TS_TTA8M1I1P0/src/Mcu_Hw_Clk.c:399:Mcu_Hw_Clk_StatusModules	0	static
../src/bsp/drivers/Mcu_TS_TTA8M1I1P0/src/Mcu_Hw_Clk.c:439:Mcu_Hw_Clk_SleepModules	16	static
../src/bsp/drivers/Mcu_TS_TTA8M1I1P0/src/Mcu_Hw_Clk.c:505:Mcu_Hw_Clk_AwakenModules	16	static
../src/bsp/drivers/Mcu_TS_TTA8M1I1P0/src/Mcu_Hw_Clk.c:571:Mcu_Hw_Clk_PeriStopModules	8	static
../src/bsp/drivers/Mcu_TS_TTA8M1I1P0/src/Mcu_Hw_Clk.c:614:Mcu_Hw_Clk_GetMPllStatus	0	static
../src/bsp/drivers/Mcu_TS_TTA8M1I1P0/src/Mcu_Hw_Clk.c:655:Mcu_Hw_Clk_GetEPllStatus	0	static
../src/bsp/drivers/Mcu_TS_TTA8M1I1P0/src/Mcu_Hw_Clk.c:696:Mcu_Hw_Clk_MpllConfig	32	static
../src/bsp/drivers/Mcu_TS_TTA8M1I1P0/src/Mcu_Hw_Clk.c:1048:Mcu_Hw_Clk_GetSystem	0	static
../src/bsp/drivers/Mcu_TS_TTA8M1I1P0/src/Mcu_Hw_Clk.c:1690:Mcu_Hw_Clk_PriMpllSwitch	48	static
../src/bsp/drivers/Mcu_TS_TTA8M1I1P0/src/Mcu_Hw_Clk.c:814:Mcu_Hw_Clk_EpllConfig	40	static
../src/bsp/drivers/Mcu_TS_TTA8M1I1P0/src/Mcu_Hw_Clk.c:962:Mcu_Hw_Clk_GetEpll	8	static
../src/bsp/drivers/Mcu_TS_TTA8M1I1P0/src/Mcu_Hw_Clk.c:865:Mcu_Hw_Clk_GetMpll	8	static
../src/bsp/drivers/Mcu_TS_TTA8M1I1P0/src/Mcu_Hw_Clk.c:1079:Mcu_Hw_Clk_GetBus	16	static
../src/bsp/drivers/Mcu_TS_TTA8M1I1P0/src/Mcu_Hw_Clk.c:1121:Mcu_Hw_Clk_GetPeriph	32	static
../src/bsp/drivers/Mcu_TS_TTA8M1I1P0/src/Mcu_Hw_Clk.c:1277:Mcu_Hw_Clk_Init	40	static
../src/bsp/drivers/Mcu_TS_TTA8M1I1P0/src/Mcu_Hw_Clk.c:1511:Mcu_Hw_Clk_PriMpllFindNMP	32	static
