../src/bsp/drivers/Mcu_TS_TTA8M1I1P0/src/Mcu_Drv.c:268:Mcu_Drv_Cmu_Init	16	static
../src/bsp/drivers/Mcu_TS_TTA8M1I1P0/src/Mcu_Drv.c:307:Mcu_Drv_Rtc_Init	16	static
../src/bsp/drivers/Mcu_TS_TTA8M1I1P0/src/Mcu_Drv.c:346:Mcu_Drv_Clk_Init	16	static
../src/bsp/drivers/Mcu_TS_TTA8M1I1P0/src/Mcu_Drv.c:392:Mcu_Drv_Cmu_Start	8	static
../src/bsp/drivers/Mcu_TS_TTA8M1I1P0/src/Mcu_Drv.c:424:Mcu_Drv_Cmu_Stop	8	static
../src/bsp/drivers/Mcu_TS_TTA8M1I1P0/src/Mcu_Drv.c:457:Mcu_Drv_Ppu_Control	16	static
../src/bsp/drivers/Mcu_TS_TTA8M1I1P0/src/Mcu_Drv.c:513:Mcu_Drv_Ppu_GetErrStatus	8	static
../src/bsp/drivers/Mcu_TS_TTA8M1I1P0/src/Mcu_Drv.c:535:Mcu_Drv_Ppu_ClearErrStatus	8	static
../src/bsp/drivers/Mcu_TS_TTA8M1I1P0/src/Mcu_Drv.c:558:Mcu_Drv_Rtc_Start	8	static
../src/bsp/drivers/Mcu_TS_TTA8M1I1P0/src/Mcu_Drv.c:589:Mcu_Drv_Rtc_GetState	8	static
../src/bsp/drivers/Mcu_TS_TTA8M1I1P0/src/Mcu_Drv.c:620:Mcu_Drv_Rtc_Clear	8	static
../src/bsp/drivers/Mcu_TS_TTA8M1I1P0/src/Mcu_Drv.c:651:Mcu_Drv_Misc_LocalResetModules	8	static
../src/bsp/drivers/Mcu_TS_TTA8M1I1P0/src/Mcu_Drv.c:673:Mcu_Drv_Misc_PerformReset	8	static
../src/bsp/drivers/Mcu_TS_TTA8M1I1P0/src/Mcu_Drv.c:695:Mcu_Drv_Pmu_GetUserValue	8	static
../src/bsp/drivers/Mcu_TS_TTA8M1I1P0/src/Mcu_Drv.c:718:Mcu_Drv_Pmu_SetUserValue	8	static
../src/bsp/drivers/Mcu_TS_TTA8M1I1P0/src/Mcu_Drv.c:740:Mcu_Drv_Pmu_LocalReset	8	static
../src/bsp/drivers/Mcu_TS_TTA8M1I1P0/src/Mcu_Drv.c:762:Mcu_Drv_Pmu_ConfigNmi	8	static
../src/bsp/drivers/Mcu_TS_TTA8M1I1P0/src/Mcu_Drv.c:784:Mcu_Drv_Pmu_ConfigGpio	8	static
../src/bsp/drivers/Mcu_TS_TTA8M1I1P0/src/Mcu_Drv.c:806:Mcu_Drv_Pmu_GetResetRawValue	8	static
../src/bsp/drivers/Mcu_TS_TTA8M1I1P0/src/Mcu_Drv.c:828:Mcu_Drv_Pmu_GetResetReason	8	static
../src/bsp/drivers/Mcu_TS_TTA8M1I1P0/src/Mcu_Drv.c:850:Mcu_Drv_Pmu_EnterStandby	8	static
../src/bsp/drivers/Mcu_TS_TTA8M1I1P0/src/Mcu_Drv.c:872:Mcu_Drv_Pmu_EnterSleep	8	static
../src/bsp/drivers/Mcu_TS_TTA8M1I1P0/src/Mcu_Drv.c:894:Mcu_Drv_Pmu_ConfigMode	24	static
../src/bsp/drivers/Mcu_TS_TTA8M1I1P0/src/Mcu_Drv.c:965:Mcu_Drv_Pmu_SetCallBack	8	static
../src/bsp/drivers/Mcu_TS_TTA8M1I1P0/src/Mcu_Drv.c:991:Mcu_Drv_Pmu_SetHsmCipPowerDown	8	static
../src/bsp/drivers/Mcu_TS_TTA8M1I1P0/src/Mcu_Drv.c:1014:Mcu_Drv_Pmu_GetHsmCipPowerDown	8	static
../src/bsp/drivers/Mcu_TS_TTA8M1I1P0/src/Mcu_Drv.c:1037:Mcu_Drv_Clk_GetPeriph	8	static
../src/bsp/drivers/Mcu_TS_TTA8M1I1P0/src/Mcu_Drv.c:1095:Mcu_Drv_Clk_PllConfig	8	static
../src/bsp/drivers/Mcu_TS_TTA8M1I1P0/src/Mcu_Drv.c:1138:Mcu_Drv_Clk_StopModules	8	static
../src/bsp/drivers/Mcu_TS_TTA8M1I1P0/src/Mcu_Drv.c:1160:Mcu_Drv_Clk_StartModules	8	static
../src/bsp/drivers/Mcu_TS_TTA8M1I1P0/src/Mcu_Drv.c:1182:Mcu_Drv_Clk_StatusModules	0	static
../src/bsp/drivers/Mcu_TS_TTA8M1I1P0/src/Mcu_Drv.c:1204:Mcu_Drv_Clk_SleepModules	8	static
../src/bsp/drivers/Mcu_TS_TTA8M1I1P0/src/Mcu_Drv.c:1226:Mcu_Drv_Clk_AwakenModules	8	static
../src/bsp/drivers/Mcu_TS_TTA8M1I1P0/src/Mcu_Drv.c:1248:Mcu_Drv_Clk_PeriStopModules	8	static
../src/bsp/drivers/Mcu_TS_TTA8M1I1P0/src/Mcu_Drv.c:1270:Mcu_Drv_Clk_GetPllStatus	24	static
